Archive member included to satisfy reference by file (symbol)

c:/nxp/mcuxpressoide_11.2.0_4120/ide/plugins/com.nxp.mcuxpresso.tools.win32_11.2.0.202001021529/tools/bin/../lib/gcc/arm-none-eabi/9.2.1/../../../../arm-none-eabi/lib/thumb/v6-m/nofp\libcr_semihost_nf.a(__ciob.o)
                              ./source/line_accumulate.o (__Ciob)
c:/nxp/mcuxpressoide_11.2.0_4120/ide/plugins/com.nxp.mcuxpresso.tools.win32_11.2.0.202001021529/tools/bin/../lib/gcc/arm-none-eabi/9.2.1/../../../../arm-none-eabi/lib/thumb/v6-m/nofp\libcr_semihost_nf.a(_cr__main.o)
                              ./startup/startup_mkl25z4.o (__main)
c:/nxp/mcuxpressoide_11.2.0_4120/ide/plugins/com.nxp.mcuxpresso.tools.win32_11.2.0.202001021529/tools/bin/../lib/gcc/arm-none-eabi/9.2.1/../../../../arm-none-eabi/lib/thumb/v6-m/nofp\libcr_semihost_nf.a(_cr_assert.o)
                              ./source/test_modules.o (__assertion_failed)
c:/nxp/mcuxpressoide_11.2.0_4120/ide/plugins/com.nxp.mcuxpresso.tools.win32_11.2.0.202001021529/tools/bin/../lib/gcc/arm-none-eabi/9.2.1/../../../../arm-none-eabi/lib/thumb/v6-m/nofp\libcr_semihost_nf.a(__sys_appexit.o)
                              c:/nxp/mcuxpressoide_11.2.0_4120/ide/plugins/com.nxp.mcuxpresso.tools.win32_11.2.0.202001021529/tools/bin/../lib/gcc/arm-none-eabi/9.2.1/../../../../arm-none-eabi/lib/thumb/v6-m/nofp\libcr_semihost_nf.a(_cr_assert.o) (__sys_appexit)
c:/nxp/mcuxpressoide_11.2.0_4120/ide/plugins/com.nxp.mcuxpresso.tools.win32_11.2.0.202001021529/tools/bin/../lib/gcc/arm-none-eabi/9.2.1/../../../../arm-none-eabi/lib/thumb/v6-m/nofp\libcr_c.a(memcpy.o)
                              ./drivers/fsl_flash.o (memcpy)
c:/nxp/mcuxpressoide_11.2.0_4120/ide/plugins/com.nxp.mcuxpresso.tools.win32_11.2.0.202001021529/tools/bin/../lib/gcc/arm-none-eabi/9.2.1/../../../../arm-none-eabi/lib/thumb/v6-m/nofp\libcr_c.a(memset.o)
                              ./source/command_process.o (memset)
c:/nxp/mcuxpressoide_11.2.0_4120/ide/plugins/com.nxp.mcuxpresso.tools.win32_11.2.0.202001021529/tools/bin/../lib/gcc/arm-none-eabi/9.2.1/../../../../arm-none-eabi/lib/thumb/v6-m/nofp\libcr_c.a(__fillbuf.o)
                              ./source/line_accumulate.o (__filbuf)
c:/nxp/mcuxpressoide_11.2.0_4120/ide/plugins/com.nxp.mcuxpresso.tools.win32_11.2.0.202001021529/tools/bin/../lib/gcc/arm-none-eabi/9.2.1/../../../../arm-none-eabi/lib/thumb/v6-m/nofp\libcr_c.a(_deferredlazyseek.o)
                              c:/nxp/mcuxpressoide_11.2.0_4120/ide/plugins/com.nxp.mcuxpresso.tools.win32_11.2.0.202001021529/tools/bin/../lib/gcc/arm-none-eabi/9.2.1/../../../../arm-none-eabi/lib/thumb/v6-m/nofp\libcr_c.a(__fillbuf.o) (_deferredlazyseek)
c:/nxp/mcuxpressoide_11.2.0_4120/ide/plugins/com.nxp.mcuxpresso.tools.win32_11.2.0.202001021529/tools/bin/../lib/gcc/arm-none-eabi/9.2.1/../../../../arm-none-eabi/lib/thumb/v6-m/nofp\libcr_c.a(_fflush.o)
                              c:/nxp/mcuxpressoide_11.2.0_4120/ide/plugins/com.nxp.mcuxpresso.tools.win32_11.2.0.202001021529/tools/bin/../lib/gcc/arm-none-eabi/9.2.1/../../../../arm-none-eabi/lib/thumb/v6-m/nofp\libcr_c.a(__fillbuf.o) (_fflush)
c:/nxp/mcuxpressoide_11.2.0_4120/ide/plugins/com.nxp.mcuxpresso.tools.win32_11.2.0.202001021529/tools/bin/../lib/gcc/arm-none-eabi/9.2.1/../../../../arm-none-eabi/lib/thumb/v6-m/nofp\libcr_c.a(_writebuf.o)
                              c:/nxp/mcuxpressoide_11.2.0_4120/ide/plugins/com.nxp.mcuxpresso.tools.win32_11.2.0.202001021529/tools/bin/../lib/gcc/arm-none-eabi/9.2.1/../../../../arm-none-eabi/lib/thumb/v6-m/nofp\libcr_c.a(_deferredlazyseek.o) (_Cwritebuf)
c:/nxp/mcuxpressoide_11.2.0_4120/ide/plugins/com.nxp.mcuxpresso.tools.win32_11.2.0.202001021529/tools/bin/../lib/gcc/arm-none-eabi/9.2.1/../../../../arm-none-eabi/lib/thumb/v6-m/nofp\libcr_c.a(acos.o)
                              ./source/accelerometer.o (acos)
c:/nxp/mcuxpressoide_11.2.0_4120/ide/plugins/com.nxp.mcuxpresso.tools.win32_11.2.0.202001021529/tools/bin/../lib/gcc/arm-none-eabi/9.2.1/../../../../arm-none-eabi/lib/thumb/v6-m/nofp\libcr_c.a(alloc.o)
                              c:/nxp/mcuxpressoide_11.2.0_4120/ide/plugins/com.nxp.mcuxpresso.tools.win32_11.2.0.202001021529/tools/bin/../lib/gcc/arm-none-eabi/9.2.1/../../../../arm-none-eabi/lib/thumb/v6-m/nofp\libcr_c.a(__fillbuf.o) (_Csys_alloc)
c:/nxp/mcuxpressoide_11.2.0_4120/ide/plugins/com.nxp.mcuxpresso.tools.win32_11.2.0.202001021529/tools/bin/../lib/gcc/arm-none-eabi/9.2.1/../../../../arm-none-eabi/lib/thumb/v6-m/nofp\libcr_c.a(fabs.o)
                              ./source/command_process.o (fabs)
c:/nxp/mcuxpressoide_11.2.0_4120/ide/plugins/com.nxp.mcuxpresso.tools.win32_11.2.0.202001021529/tools/bin/../lib/gcc/arm-none-eabi/9.2.1/../../../../arm-none-eabi/lib/thumb/v6-m/nofp\libcr_c.a(fputs.o)
[...]
Memory Configuration

Name             Origin             Length             Attributes
PROGRAM_FLASH    0x00000000         0x00020000         xr
SRAM             0x1ffff000         0x00004000         xrw
*default*        0x00000000         0xffffffff

Linker script and memory map

LOAD ./utilities/fsl_debug_console.o
LOAD ./startup/startup_mkl25z4.o
LOAD ./source/accelerometer.o
LOAD ./source/cbfifo.o
LOAD ./source/command_process.o
LOAD ./source/i2c.o
LOAD ./source/led.o
LOAD ./source/line_accumulate.o
LOAD ./source/main.o
LOAD ./source/mtb.o
LOAD ./source/semihost_hardfault.o
LOAD ./source/sysclock.o
LOAD ./source/systick.o
LOAD ./source/test_modules.o
LOAD ./source/touch.o
LOAD ./source/uart.o
LOAD ./drivers/fsl_clock.o
LOAD ./drivers/fsl_common.o
LOAD ./drivers/fsl_flash.o
LOAD ./drivers/fsl_gpio.o
LOAD ./drivers/fsl_lpsci.o
LOAD ./drivers/fsl_smc.o
LOAD ./drivers/fsl_uart.o
LOAD ./board/board.o
LOAD ./board/clock_config.o
LOAD ./board/peripherals.o
LOAD ./board/pin_mux.o
LOAD ./CMSIS/system_MKL25Z4.o
START GROUP
LOAD c:/nxp/mcuxpressoide_11.2.0_4120/ide/plugins/com.nxp.mcuxpresso.tools.win32_11.2.0.202001021529/tools/bin/../lib/gcc/arm-none-eabi/9.2.1/../../../../arm-none-eabi/lib/thumb/v6-m/nofp\libcr_semihost_nf.a
LOAD c:/nxp/mcuxpressoide_11.2.0_4120/ide/plugins/com.nxp.mcuxpresso.tools.win32_11.2.0.202001021529/tools/bin/../lib/gcc/arm-none-eabi/9.2.1/../../../../arm-none-eabi/lib/thumb/v6-m/nofp\libcr_c.a
LOAD c:/nxp/mcuxpressoide_11.2.0_4120/ide/plugins/com.nxp.mcuxpresso.tools.win32_11.2.0.202001021529/tools/bin/../lib/gcc/arm-none-eabi/9.2.1/thumb/v6-m/nofp\libcr_eabihelpers.a
LOAD c:/nxp/mcuxpressoide_11.2.0_4120/ide/plugins/com.nxp.mcuxpresso.tools.win32_11.2.0.202001021529/tools/bin/../lib/gcc/arm-none-eabi/9.2.1/thumb/v6-m/nofp\libgcc.a
END GROUP
                0x00000000                __base_PROGRAM_FLASH = 0x0
                0x00000000                __base_Flash = 0x0
                0x00020000                __top_PROGRAM_FLASH = 0x20000
                0x00020000                __top_Flash = 0x20000
                0x1ffff000                __base_SRAM = 0x1ffff000
                0x1ffff000                __base_RAM = 0x1ffff000
                0x20003000                __top_SRAM = 0x20003000
                0x20003000                __top_RAM = 0x20003000

.text           0x00000000     0xdd40
 FILL mask 0xff
                0x00000000                __vectors_start__ = ABSOLUTE (.)
 *(SORT_BY_ALIGNMENT(.isr_vector))
 .isr_vector    0x00000000       0xc0 ./startup/startup_mkl25z4.o
                0x00000000                g_pfnVectors
                0x00000000                __Vectors
                0x000000c0                . = ALIGN (0x4)
                0x000000c0                __section_table_start = .
                0x000000c0                __data_section_table = .
                0x000000c0        0x4 LONG 0xdd40 LOADADDR (.data)
                0x000000c4        0x4 LONG 0x1ffff080 ADDR (.data)
                0x000000c8        0x4 LONG 0x88 SIZEOF (.data)
                0x000000cc                __data_section_table_end = .
                0x000000cc                __bss_section_table = .
                0x000000cc        0x4 LONG 0x1ffff108 ADDR (.bss)
                0x000000d0        0x4 LONG 0x368 SIZEOF (.bss)
                0x000000d4                __bss_section_table_end = .
                0x000000d4                __section_table_end = .
 *(SORT_BY_ALIGNMENT(.after_vectors*))
 .after_vectors.reset
                0x000000d4       0x4c ./startup/startup_mkl25z4.o
                0x000000d4                ResetISR
 .after_vectors.init_data
                0x00000120       0x12 ./startup/startup_mkl25z4.o
                0x00000120                data_init
 .after_vectors.init_bss
                0x00000132       0x10 ./startup/startup_mkl25z4.o
                0x00000132                bss_init
 .after_vectors
                0x00000142      0x10c ./startup/startup_mkl25z4.o
                0x00000142                NMI_Handler
                0x00000146                SVC_Handler
                0x00000148                PendSV_Handler
                0x0000014c                SPI1_DriverIRQHandler
                0x0000014c                LPTMR0_DriverIRQHandler
                0x0000014c                DMA0_DriverIRQHandler
                0x0000014c                I2C0_DriverIRQHandler
                0x0000014c                Reserved39_DriverIRQHandler
                0x0000014c                PORTD_DriverIRQHandler
                0x0000014c                DMA2_DriverIRQHandler
                0x0000014c                CMP0_DriverIRQHandler
                0x0000014c                TPM2_DriverIRQHandler
                0x0000014c                ADC0_DriverIRQHandler
                0x0000014c                SPI0_DriverIRQHandler
                0x0000014c                TSI0_DriverIRQHandler
                0x0000014c                RTC_Seconds_DriverIRQHandler
                0x0000014c                I2C1_DriverIRQHandler
                0x0000014c                LLWU_DriverIRQHandler
                0x0000014c                MCG_DriverIRQHandler
                0x0000014c                DMA1_DriverIRQHandler
                0x0000014c                PIT_DriverIRQHandler
                0x0000014c                RTC_DriverIRQHandler
                0x0000014c                FTFA_DriverIRQHandler
                0x0000014c                IntDefaultHandler
                0x0000014c                USB0_DriverIRQHandler
                0x0000014c                DAC0_DriverIRQHandler
                0x0000014c                TPM1_DriverIRQHandler
                0x0000014c                LVD_LVW_DriverIRQHandler
                0x0000014c                TPM0_DriverIRQHandler
                0x0000014c                PORTA_DriverIRQHandler
                0x0000014c                Reserved45_DriverIRQHandler
                0x0000014c                Reserved20_DriverIRQHandler
                0x0000014c                DMA3_DriverIRQHandler
                0x0000014e                DMA0_IRQHandler
                0x00000156                DMA1_IRQHandler
                0x0000015e                DMA2_IRQHandler
                0x00000166                DMA3_IRQHandler
                0x0000016e                Reserved20_IRQHandler
                0x00000176                FTFA_IRQHandler
                0x0000017e                LVD_LVW_IRQHandler
                0x00000186                LLWU_IRQHandler
                0x0000018e                I2C0_IRQHandler
                0x00000196                I2C1_IRQHandler
                0x0000019e                SPI0_IRQHandler
                0x000001a6                SPI1_IRQHandler
                0x000001b6                UART1_IRQHandler
                0x000001be                UART2_IRQHandler
                0x000001c6                ADC0_IRQHandler
                0x000001ce                CMP0_IRQHandler
                0x000001d6                TPM0_IRQHandler
                0x000001de                TPM1_IRQHandler
                0x000001e6                TPM2_IRQHandler
                0x000001ee                RTC_IRQHandler
                0x000001f6                RTC_Seconds_IRQHandler
                0x000001fe                PIT_IRQHandler
                0x00000206                Reserved39_IRQHandler
                0x0000020e                USB0_IRQHandler
                0x00000216                DAC0_IRQHandler
                0x0000021e                TSI0_IRQHandler
                0x00000226                MCG_IRQHandler
                0x0000022e                LPTMR0_IRQHandler
                0x00000236                Reserved45_IRQHandler
                0x0000023e                PORTA_IRQHandler
                0x00000246                PORTD_IRQHandler
                0x00000400                . = 0x400
 *fill*         0x0000024e      0x1b2 ff
                0x00000400                PROVIDE (__FLASH_CONFIG_START__ = .)
 *(SORT_BY_ALIGNMENT(.FlashConfig))
 .FlashConfig   0x00000400       0x10 ./startup/startup_mkl25z4.o
                0x00000400                Flash_Config
                0x00000410                PROVIDE (__FLASH_CONFIG_END__ = .)
                0x00000001                ASSERT (! ((__FLASH_CONFIG_START__ == __FLASH_CONFIG_END__)), Linker Flash Config Support Enabled, but no .FlashConfig section provided within application)
 *(SORT_BY_ALIGNMENT(.text*))
 .text.DbgConsole_Init
                0x00000410       0xf4 ./utilities/fsl_debug_console.o
                0x00000410                DbgConsole_Init
 .text.compute_axes
                0x00000504      0x11c ./source/accelerometer.o
                0x00000504                compute_axes
 .text.convert_axes_to_tilt
                0x00000620      0x150 ./source/accelerometer.o
                0x00000620                convert_axes_to_tilt
 .text.cbfifo_length
                0x00000770       0x28 ./source/cbfifo.o
                0x00000770                cbfifo_length
 .text.cbfifo_enqueue
                0x00000798      0x180 ./source/cbfifo.o
                0x00000798                cbfifo_enqueue
 .text.cbfifo_dequeue
                0x00000918      0x174 ./source/cbfifo.o
                0x00000918                cbfifo_dequeue
 .text.cbfifo_reset
                0x00000a8c       0x88 ./source/cbfifo.o
                0x00000a8c                cbfifo_reset
 .text.process_command
                0x00000b14      0x174 ./source/command_process.o
                0x00000b14                process_command
 .text.brightness_handler
                0x00000c88       0x7c ./source/command_process.o
 .text.angle_handler
                0x00000d04      0x118 ./source/command_process.o
 .text.author_handler
                0x00000e1c       0x38 ./source/command_process.o
 .text.help_handler
                0x00000e54       0xcc ./source/command_process.o
 .text.color_handler
                0x00000f20      0x23c ./source/command_process.o
 .text.touch_handler
                0x0000115c       0xd8 ./source/command_process.o
 .text.calibrate_handler
                0x00001234       0x70 ./source/command_process.o
 .text.i2c_init
                0x000012a4       0x84 ./source/i2c.o
                0x000012a4                i2c_init
 .text.i2c_busy
                0x00001328      0x174 ./source/i2c.o
                0x00001328                i2c_busy
 .text.i2c_wait
                0x0000149c       0x6c ./source/i2c.o
                0x0000149c                i2c_wait
 .text.i2c_start
                0x00001508       0x30 ./source/i2c.o
                0x00001508                i2c_start
 .text.i2c_read_setup
                0x00001538       0x68 ./source/i2c.o
                0x00001538                i2c_read_setup
 .text.i2c_repeated_read
                0x000015a0       0x80 ./source/i2c.o
                0x000015a0                i2c_repeated_read
 .text.i2c_read_byte
                0x00001620       0xc4 ./source/i2c.o
                0x00001620                i2c_read_byte
 .text.i2c_write_byte
                0x000016e4       0x80 ./source/i2c.o
                0x000016e4                i2c_write_byte
 .text.LED_Color_Config
                0x00001764       0xc4 ./source/led.o
                0x00001764                LED_Color_Config
 .text.Init_Blue_LED_PWM
                0x00001828       0xa8 ./source/led.o
 .text.Init_Red_LED_PWM
                0x000018d0       0xa8 ./source/led.o
 .text.Init_Green_LED_PWM
                0x00001978       0xa8 ./source/led.o
 .text.LED_ON   0x00001a20       0xe8 ./source/led.o
                0x00001a20                LED_ON
 .text.LED_OFF  0x00001b08       0x24 ./source/led.o
                0x00001b08                LED_OFF
 .text.test_LED_ON
                0x00001b2c       0x30 ./source/led.o
                0x00001b2c                test_LED_ON
 .text.accumulate_line
                0x00001b5c      0x104 ./source/line_accumulate.o
                0x00001b5c                accumulate_line
 .text.main     0x00001c60       0x48 ./source/main.o
                0x00001c60                main
 .text.HardFault_Handler
                0x00001ca8       0x30 ./source/semihost_hardfault.o
                0x00001ca8                HardFault_Handler
 .text.sysclock_init
                0x00001cd8       0x78 ./source/sysclock.o
                0x00001cd8                sysclock_init
 .text.NVIC_SetPriority
                0x00001d50       0xdc ./source/systick.o
 .text.Init_SysTick
                0x00001e2c       0x30 ./source/systick.o
                0x00001e2c                Init_SysTick
 .text.SysTick_Handler
                0x00001e5c       0x28 ./source/systick.o
                0x00001e5c                SysTick_Handler
 .text.reset_timer
                0x00001e84       0x20 ./source/systick.o
 .text.delay    0x00001ea4       0x28 ./source/systick.o
                0x00001ea4                delay
 .text.test_cbfifo
                0x00001ecc     0x23c8 ./source/test_modules.o
                0x00001ecc                test_cbfifo
 .text.test_tpm_led
                0x00004294      0x148 ./source/test_modules.o
                0x00004294                test_tpm_led
 .text.self_test_accelerometer
                0x000043dc      0x15c ./source/test_modules.o
                0x000043dc                self_test_accelerometer
 .text.test_accelerometer
                0x00004538       0x44 ./source/test_modules.o
                0x00004538                test_accelerometer
 .text.Touch_Init
                0x0000457c       0x30 ./source/touch.o
                0x0000457c                Touch_Init
 .text.get_tsi_value
                0x000045ac       0x5c ./source/touch.o
                0x000045ac                get_tsi_value
 .text.NVIC_EnableIRQ
                0x00004608       0x2c ./source/uart.o
 .text.NVIC_ClearPendingIRQ
                0x00004634       0x30 ./source/uart.o
 .text.NVIC_SetPriority
                0x00004664       0xdc ./source/uart.o
 .text.Init_UART0
                0x00004740      0x16c ./source/uart.o
                0x00004740                Init_UART0
 .text.UART0_IRQHandler
                0x000048ac       0xbc ./source/uart.o
                0x000048ac                UART0_IRQHandler
 .text.__sys_write
                0x00004968       0x78 ./source/uart.o
                0x00004968                __sys_write
 .text.CLOCK_SetEr32kClock
                0x000049e0       0x34 ./drivers/fsl_clock.o
 .text.CLOCK_SetPllFllSelClock
                0x00004a14       0x38 ./drivers/fsl_clock.o
 .text.CLOCK_GetMcgExtClkFreq
                0x00004a4c       0x28 ./drivers/fsl_clock.o
 .text.CLOCK_GetFllExtRefClkFreq
                0x00004a74       0xa8 ./drivers/fsl_clock.o
 .text.CLOCK_GetFllRefClkFreq
                0x00004b1c       0x2c ./drivers/fsl_clock.o
 .text.CLOCK_GetOscRangeFromFreq
                0x00004b48       0x4c ./drivers/fsl_clock.o
 .text.CLOCK_GetPllFllSelClkFreq
                0x00004b94       0x4c ./drivers/fsl_clock.o
                0x00004b94                CLOCK_GetPllFllSelClkFreq
 .text.CLOCK_SetSimConfig
                0x00004be0       0x38 ./drivers/fsl_clock.o
                0x00004be0                CLOCK_SetSimConfig
 .text.CLOCK_GetFllFreq
                0x00004c18       0x84 ./drivers/fsl_clock.o
                0x00004c18                CLOCK_GetFllFreq
 .text.CLOCK_GetPll0Freq
                0x00004c9c       0x70 ./drivers/fsl_clock.o
                0x00004c9c                CLOCK_GetPll0Freq
 .text.CLOCK_SetInternalRefClkConfig
                0x00004d0c      0x124 ./drivers/fsl_clock.o
                0x00004d0c                CLOCK_SetInternalRefClkConfig
 .text.CLOCK_EnablePll0
                0x00004e30       0x94 ./drivers/fsl_clock.o
                0x00004e30                CLOCK_EnablePll0
 .text.CLOCK_InitOsc0
                0x00004ec4       0x94 ./drivers/fsl_clock.o
                0x00004ec4                CLOCK_InitOsc0
 .text.CLOCK_SetPbeMode
                0x00004f58       0xb0 ./drivers/fsl_clock.o
                0x00004f58                CLOCK_SetPbeMode
 .text.CLOCK_BootToPeeMode
                0x00005008       0x70 ./drivers/fsl_clock.o
                0x00005008                CLOCK_BootToPeeMode
 .text.CLOCK_EnableClock
                0x00005078       0x34 ./drivers/fsl_lpsci.o
 .text.LPSCI_GetInstance
                0x000050ac       0x48 ./drivers/fsl_lpsci.o
                0x000050ac                LPSCI_GetInstance
 .text.LPSCI_Init
                0x000050f4      0x258 ./drivers/fsl_lpsci.o
                0x000050f4                LPSCI_Init
 .text.LPSCI_GetDefaultConfig
                0x0000534c       0x44 ./drivers/fsl_lpsci.o
                0x0000534c                LPSCI_GetDefaultConfig
 .text.LPSCI_ClearStatusFlags
                0x00005390       0x94 ./drivers/fsl_lpsci.o
                0x00005390                LPSCI_ClearStatusFlags
 .text.LPSCI_WriteBlocking
                0x00005424       0x4c ./drivers/fsl_lpsci.o
                0x00005424                LPSCI_WriteBlocking
 .text.LPSCI_ReadBlocking
                0x00005470       0xc0 ./drivers/fsl_lpsci.o
                0x00005470                LPSCI_ReadBlocking
 .text.UART0_DriverIRQHandler
                0x00005530       0x24 ./drivers/fsl_lpsci.o
                0x00005530                UART0_DriverIRQHandler
 .text.CLOCK_EnableClock
                0x00005554       0x34 ./drivers/fsl_uart.o
 .text.UART_GetInstance
                0x00005588       0x54 ./drivers/fsl_uart.o
                0x00005588                UART_GetInstance
 .text.UART_Init
                0x000055dc      0x1e0 ./drivers/fsl_uart.o
                0x000055dc                UART_Init
 .text.UART_GetDefaultConfig
                0x000057bc       0x44 ./drivers/fsl_uart.o
                0x000057bc                UART_GetDefaultConfig
 .text.UART_ReadBlocking
                0x00005800       0x98 ./drivers/fsl_uart.o
                0x00005800                UART_ReadBlocking
 .text.UART1_DriverIRQHandler
                0x00005898       0x24 ./drivers/fsl_uart.o
                0x00005898                UART1_DriverIRQHandler
 .text.UART2_DriverIRQHandler
                0x000058bc       0x24 ./drivers/fsl_uart.o
                0x000058bc                UART2_DriverIRQHandler
 .text.CLOCK_SetLpsci0Clock
                0x000058e0       0x38 ./board/board.o
 .text.BOARD_InitDebugConsole
                0x00005918       0x30 ./board/board.o
                0x00005918                BOARD_InitDebugConsole
 .text.CLOCK_SetSimSafeDivs
                0x00005948       0x20 ./board/clock_config.o
 .text.CLOCK_SetXtal0Freq
                0x00005968       0x1c ./board/clock_config.o
 .text.CLOCK_CONFIG_SetFllExtRefDiv
                0x00005984       0x3c ./board/clock_config.o
 .text.BOARD_BootClockRUN
                0x000059c0       0x64 ./board/clock_config.o
                0x000059c0                BOARD_BootClockRUN
 .text.CLOCK_EnableClock
                0x00005a24       0x34 ./board/pin_mux.o
 .text.PORT_SetPinMux
                0x00005a58       0x40 ./board/pin_mux.o
 .text.BOARD_InitPins
                0x00005a98       0x4c ./board/pin_mux.o
                0x00005a98                BOARD_InitPins
 .text.SystemInit
                0x00005ae4       0x18 ./CMSIS/system_MKL25Z4.o
                0x00005ae4                SystemInit
 .text.__assertion_failed
                0x00005afc       0x4c c:/nxp/mcuxpressoide_11.2.0_4120/ide/plugins/com.nxp.mcuxpresso.tools.win32_11.2.0.202001021529/tools/bin/../lib/gcc/arm-none-eabi/9.2.1/../../../../arm-none-eabi/lib/thumb/v6-m/nofp\libcr_semihost_nf.a(_cr_assert.o)
                0x00005afc                __assertion_failed
 .text.__sys_appexit
                0x00005b48        0xc c:/nxp/mcuxpressoide_11.2.0_4120/ide/plugins/com.nxp.mcuxpresso.tools.win32_11.2.0.202001021529/tools/bin/../lib/gcc/arm-none-eabi/9.2.1/../../../../arm-none-eabi/lib/thumb/v6-m/nofp\libcr_semihost_nf.a(__sys_appexit.o)
                0x00005b48                __sys_appexit
                0x00005b48                __exit
 .text.__filbuf
                0x00005b54      0x188 c:/nxp/mcuxpressoide_11.2.0_4120/ide/plugins/com.nxp.mcuxpresso.tools.win32_11.2.0.202001021529/tools/bin/../lib/gcc/arm-none-eabi/9.2.1/../../../../arm-none-eabi/lib/thumb/v6-m/nofp\libcr_c.a(__fillbuf.o)
                0x00005b54                __filbuf
 .text._deferredlazyseek
                0x00005cdc       0x40 c:/nxp/mcuxpressoide_11.2.0_4120/ide/plugins/com.nxp.mcuxpresso.tools.win32_11.2.0.202001021529/tools/bin/../lib/gcc/arm-none-eabi/9.2.1/../../../../arm-none-eabi/lib/thumb/v6-m/nofp\libcr_c.a(_deferredlazyseek.o)
                0x00005cdc                _deferredlazyseek
 .text.__flsbuf
                0x00005d1c      0x150 c:/nxp/mcuxpressoide_11.2.0_4120/ide/plugins/com.nxp.mcuxpresso.tools.win32_11.2.0.202001021529/tools/bin/../lib/gcc/arm-none-eabi/9.2.1/../../../../arm-none-eabi/lib/thumb/v6-m/nofp\libcr_c.a(_deferredlazyseek.o)
                0x00005d1c                __flsbuf
 .text._fflush  0x00005e6c       0x60 c:/nxp/mcuxpressoide_11.2.0_4120/ide/plugins/com.nxp.mcuxpresso.tools.win32_11.2.0.202001021529/tools/bin/../lib/gcc/arm-none-eabi/9.2.1/../../../../arm-none-eabi/lib/thumb/v6-m/nofp\libcr_c.a(_fflush.o)
                0x00005e6c                _fflush
 .text._Cwritebuf
                0x00005ecc       0x68 c:/nxp/mcuxpressoide_11.2.0_4120/ide/plugins/com.nxp.mcuxpresso.tools.win32_11.2.0.202001021529/tools/bin/../lib/gcc/arm-none-eabi/9.2.1/../../../../arm-none-eabi/lib/thumb/v6-m/nofp\libcr_c.a(_writebuf.o)
                0x00005ecc                _Cwritebuf
 .text.malloc   0x00005f34       0xd0 c:/nxp/mcuxpressoide_11.2.0_4120/ide/plugins/com.nxp.mcuxpresso.tools.win32_11.2.0.202001021529/tools/bin/../lib/gcc/arm-none-eabi/9.2.1/../../../../arm-none-eabi/lib/thumb/v6-m/nofp\libcr_c.a(alloc.o)
                0x00005f34                malloc
 .text._Csys_alloc
                0x00006004       0x20 c:/nxp/mcuxpressoide_11.2.0_4120/ide/plugins/com.nxp.mcuxpresso.tools.win32_11.2.0.202001021529/tools/bin/../lib/gcc/arm-none-eabi/9.2.1/../../../../arm-none-eabi/lib/thumb/v6-m/nofp\libcr_c.a(alloc.o)
                0x00006004                _Csys_alloc
 .text.fseek    0x00006024       0xf4 c:/nxp/mcuxpressoide_11.2.0_4120/ide/plugins/com.nxp.mcuxpresso.tools.win32_11.2.0.202001021529/tools/bin/../lib/gcc/arm-none-eabi/9.2.1/../../../../arm-none-eabi/lib/thumb/v6-m/nofp\libcr_c.a(fseek.o)
                0x00006024                fseek
 .text.ftell    0x00006118       0x48 c:/nxp/mcuxpressoide_11.2.0_4120/ide/plugins/com.nxp.mcuxpresso.tools.win32_11.2.0.202001021529/tools/bin/../lib/gcc/arm-none-eabi/9.2.1/../../../../arm-none-eabi/lib/thumb/v6-m/nofp\libcr_c.a(ftell.o)
                0x00006118                ftell
 .text._initio  0x00006160       0x7c c:/nxp/mcuxpressoide_11.2.0_4120/ide/plugins/com.nxp.mcuxpresso.tools.win32_11.2.0.202001021529/tools/bin/../lib/gcc/arm-none-eabi/9.2.1/../../../../arm-none-eabi/lib/thumb/v6-m/nofp\libcr_c.a(initio.o)
                0x00006160                _initio
 .text.__vfprintf
                0x000061dc      0xd40 c:/nxp/mcuxpressoide_11.2.0_4120/ide/plugins/com.nxp.mcuxpresso.tools.win32_11.2.0.202001021529/tools/bin/../lib/gcc/arm-none-eabi/9.2.1/../../../../arm-none-eabi/lib/thumb/v6-m/nofp\libcr_c.a(printf.o)
                0x000061dc                __vfprintf
 .text._vsnprintf
                0x00006f1c       0x70 c:/nxp/mcuxpressoide_11.2.0_4120/ide/plugins/com.nxp.mcuxpresso.tools.win32_11.2.0.202001021529/tools/bin/../lib/gcc/arm-none-eabi/9.2.1/../../../../arm-none-eabi/lib/thumb/v6-m/nofp\libcr_c.a(printf.o)
                0x00006f1c                _vsnprintf
 .text._printf  0x00006f8c       0x50 c:/nxp/mcuxpressoide_11.2.0_4120/ide/plugins/com.nxp.mcuxpresso.tools.win32_11.2.0.202001021529/tools/bin/../lib/gcc/arm-none-eabi/9.2.1/../../../../arm-none-eabi/lib/thumb/v6-m/nofp\libcr_c.a(printf.o)
                0x00006f8c                _printf
 .text.ch_val   0x00006fdc       0x30 c:/nxp/mcuxpressoide_11.2.0_4120/ide/plugins/com.nxp.mcuxpresso.tools.win32_11.2.0.202001021529/tools/bin/../lib/gcc/arm-none-eabi/9.2.1/../../../../arm-none-eabi/lib/thumb/v6-m/nofp\libcr_c.a(scanf.o)
 .text.cr_rd_int
                0x0000700c      0x1c0 c:/nxp/mcuxpressoide_11.2.0_4120/ide/plugins/com.nxp.mcuxpresso.tools.win32_11.2.0.202001021529/tools/bin/../lib/gcc/arm-none-eabi/9.2.1/../../../../arm-none-eabi/lib/thumb/v6-m/nofp\libcr_c.a(scanf.o)
 .text.vfscanf  0x000071cc      0x998 c:/nxp/mcuxpressoide_11.2.0_4120/ide/plugins/com.nxp.mcuxpresso.tools.win32_11.2.0.202001021529/tools/bin/../lib/gcc/arm-none-eabi/9.2.1/../../../../arm-none-eabi/lib/thumb/v6-m/nofp\libcr_c.a(scanf.o)
                0x000071cc                vfscanf
 .text.setvbuf  0x00007b64       0x4c c:/nxp/mcuxpressoide_11.2.0_4120/ide/plugins/com.nxp.mcuxpresso.tools.win32_11.2.0.202001021529/tools/bin/../lib/gcc/arm-none-eabi/9.2.1/../../../../arm-none-eabi/lib/thumb/v6-m/nofp\libcr_c.a(setvbuf.o)
                0x00007b64                setvbuf
 .text.sqrt     0x00007bb0      0x130 c:/nxp/mcuxpressoide_11.2.0_4120/ide/plugins/com.nxp.mcuxpresso.tools.win32_11.2.0.202001021529/tools/bin/../lib/gcc/arm-none-eabi/9.2.1/../../../../arm-none-eabi/lib/thumb/v6-m/nofp\libcr_c.a(sqrt.o)
                0x00007bb0                sqrt
 .text.strlen   0x00007ce0       0x58 c:/nxp/mcuxpressoide_11.2.0_4120/ide/plugins/com.nxp.mcuxpresso.tools.win32_11.2.0.202001021529/tools/bin/../lib/gcc/arm-none-eabi/9.2.1/../../../../arm-none-eabi/lib/thumb/v6-m/nofp\libcr_c.a(strlen.o)
                0x00007ce0                strlen
 .text.strncmp  0x00007d38       0x50 c:/nxp/mcuxpressoide_11.2.0_4120/ide/plugins/com.nxp.mcuxpresso.tools.win32_11.2.0.202001021529/tools/bin/../lib/gcc/arm-none-eabi/9.2.1/../../../../arm-none-eabi/lib/thumb/v6-m/nofp\libcr_c.a(strncmp.o)
                0x00007d38                strncmp
 .text.ungetc   0x00007d88       0x3c c:/nxp/mcuxpressoide_11.2.0_4120/ide/plugins/com.nxp.mcuxpresso.tools.win32_11.2.0.202001021529/tools/bin/../lib/gcc/arm-none-eabi/9.2.1/../../../../arm-none-eabi/lib/thumb/v6-m/nofp\libcr_c.a(ungetc.o)
                0x00007d88                ungetc
 .text._asinacos
                0x00007dc4      0x270 c:/nxp/mcuxpressoide_11.2.0_4120/ide/plugins/com.nxp.mcuxpresso.tools.win32_11.2.0.202001021529/tools/bin/../lib/gcc/arm-none-eabi/9.2.1/../../../../arm-none-eabi/lib/thumb/v6-m/nofp\libcr_c.a(_asinacos.o)
                0x00007dc4                _asinacos
 .text._sbrk    0x00008034       0x44 c:/nxp/mcuxpressoide_11.2.0_4120/ide/plugins/com.nxp.mcuxpresso.tools.win32_11.2.0.202001021529/tools/bin/../lib/gcc/arm-none-eabi/9.2.1/../../../../arm-none-eabi/lib/thumb/v6-m/nofp\libcr_c.a(_cr_sbrk.o)
                0x00008034                _sbrk
 .text._fdopen  0x00008078       0x74 c:/nxp/mcuxpressoide_11.2.0_4120/ide/plugins/com.nxp.mcuxpresso.tools.win32_11.2.0.202001021529/tools/bin/../lib/gcc/arm-none-eabi/9.2.1/../../../../arm-none-eabi/lib/thumb/v6-m/nofp\libcr_c.a(_fdopen.o)
                0x00008078                _fdopen
 .text._frexpl  0x000080ec       0x80 c:/nxp/mcuxpressoide_11.2.0_4120/ide/plugins/com.nxp.mcuxpresso.tools.win32_11.2.0.202001021529/tools/bin/../lib/gcc/arm-none-eabi/9.2.1/../../../../arm-none-eabi/lib/thumb/v6-m/nofp\libcr_c.a(_frexpl.o)
                0x000080ec                _frexpl
 .text._ldexpl  0x0000816c       0x58 c:/nxp/mcuxpressoide_11.2.0_4120/ide/plugins/com.nxp.mcuxpresso.tools.win32_11.2.0.202001021529/tools/bin/../lib/gcc/arm-none-eabi/9.2.1/../../../../arm-none-eabi/lib/thumb/v6-m/nofp\libcr_c.a(_ldexpl.o)
                0x0000816c                _ldexpl
 .text.tolower  0x000081c4       0x14 c:/nxp/mcuxpressoide_11.2.0_4120/ide/plugins/com.nxp.mcuxpresso.tools.win32_11.2.0.202001021529/tools/bin/../lib/gcc/arm-none-eabi/9.2.1/../../../../arm-none-eabi/lib/thumb/v6-m/nofp\libcr_c.a(ctype.o)
                0x000081c4                tolower
 .text.fclose   0x000081d8       0x5c c:/nxp/mcuxpressoide_11.2.0_4120/ide/plugins/com.nxp.mcuxpresso.tools.win32_11.2.0.202001021529/tools/bin/../lib/gcc/arm-none-eabi/9.2.1/../../../../arm-none-eabi/lib/thumb/v6-m/nofp\libcr_c.a(fclose.o)
                0x000081d8                fclose
 .text.fflush   0x00008234       0x44 c:/nxp/mcuxpressoide_11.2.0_4120/ide/plugins/com.nxp.mcuxpresso.tools.win32_11.2.0.202001021529/tools/bin/../lib/gcc/arm-none-eabi/9.2.1/../../../../arm-none-eabi/lib/thumb/v6-m/nofp\libcr_c.a(fflush.o)
                0x00008234                fflush
 .text.__check_heap_overflow
                0x00008278       0x14 c:/nxp/mcuxpressoide_11.2.0_4120/ide/plugins/com.nxp.mcuxpresso.tools.win32_11.2.0.202001021529/tools/bin/../lib/gcc/arm-none-eabi/9.2.1/../../../../arm-none-eabi/lib/thumb/v6-m/nofp\libcr_c.a(_cr_check_heap.o)
                0x00008278                __check_heap_overflow
 .text._do_fflush
                0x0000828c       0x48 c:/nxp/mcuxpressoide_11.2.0_4120/ide/plugins/com.nxp.mcuxpresso.tools.win32_11.2.0.202001021529/tools/bin/../lib/gcc/arm-none-eabi/9.2.1/../../../../arm-none-eabi/lib/thumb/v6-m/nofp\libcr_c.a(_do_fflush.o)
                0x0000828c                _do_fflush
 .text.__aeabi_dmul
                0x000082d4      0x184 c:/nxp/mcuxpressoide_11.2.0_4120/ide/plugins/com.nxp.mcuxpresso.tools.win32_11.2.0.202001021529/tools/bin/../lib/gcc/arm-none-eabi/9.2.1/thumb/v6-m/nofp\libcr_eabihelpers.a(double.o)
                0x000082d4                __aeabi_dmul
 .text.__aeabi_ddiv
                0x00008458      0x150 c:/nxp/mcuxpressoide_11.2.0_4120/ide/plugins/com.nxp.mcuxpresso.tools.win32_11.2.0.202001021529/tools/bin/../lib/gcc/arm-none-eabi/9.2.1/thumb/v6-m/nofp\libcr_eabihelpers.a(double.o)
                0x00008458                __aeabi_ddiv
 .text.__aeabi_dsub
                0x000085a8      0x1e4 c:/nxp/mcuxpressoide_11.2.0_4120/ide/plugins/com.nxp.mcuxpresso.tools.win32_11.2.0.202001021529/tools/bin/../lib/gcc/arm-none-eabi/9.2.1/thumb/v6-m/nofp\libcr_eabihelpers.a(double.o)
                0x000085a8                __aeabi_dsub
 .text.__aeabi_dadd
                0x0000878c      0x134 c:/nxp/mcuxpressoide_11.2.0_4120/ide/plugins/com.nxp.mcuxpresso.tools.win32_11.2.0.202001021529/tools/bin/../lib/gcc/arm-none-eabi/9.2.1/thumb/v6-m/nofp\libcr_eabihelpers.a(double.o)
                0x0000878c                __aeabi_dadd
 .text.__aeabi_d2f
                0x000088c0       0x60 c:/nxp/mcuxpressoide_11.2.0_4120/ide/plugins/com.nxp.mcuxpresso.tools.win32_11.2.0.202001021529/tools/bin/../lib/gcc/arm-none-eabi/9.2.1/thumb/v6-m/nofp\libcr_eabihelpers.a(double.o)
                0x000088c0                __aeabi_d2f
 .text.__aeabi_d2iz
                0x00008920       0x50 c:/nxp/mcuxpressoide_11.2.0_4120/ide/plugins/com.nxp.mcuxpresso.tools.win32_11.2.0.202001021529/tools/bin/../lib/gcc/arm-none-eabi/9.2.1/thumb/v6-m/nofp\libcr_eabihelpers.a(double.o)
                0x00008920                __aeabi_d2iz
 .text.__aeabi_d2uiz
                0x00008970       0x38 c:/nxp/mcuxpressoide_11.2.0_4120/ide/plugins/com.nxp.mcuxpresso.tools.win32_11.2.0.202001021529/tools/bin/../lib/gcc/arm-none-eabi/9.2.1/thumb/v6-m/nofp\libcr_eabihelpers.a(double.o)
                0x00008970                __aeabi_d2uiz
 .text.__aeabi_dcmpeq
                0x000089a8       0x30 c:/nxp/mcuxpressoide_11.2.0_4120/ide/plugins/com.nxp.mcuxpresso.tools.win32_11.2.0.202001021529/tools/bin/../lib/gcc/arm-none-eabi/9.2.1/thumb/v6-m/nofp\libcr_eabihelpers.a(double.o)
                0x000089a8                __aeabi_dcmpeq
 .text.__aeabi_dcmplt
                0x000089d8       0x60 c:/nxp/mcuxpressoide_11.2.0_4120/ide/plugins/com.nxp.mcuxpresso.tools.win32_11.2.0.202001021529/tools/bin/../lib/gcc/arm-none-eabi/9.2.1/thumb/v6-m/nofp\libcr_eabihelpers.a(double.o)
                0x000089d8                __aeabi_dcmplt
 .text.__aeabi_dcmpgt
                0x00008a38       0x5c c:/nxp/mcuxpressoide_11.2.0_4120/ide/plugins/com.nxp.mcuxpresso.tools.win32_11.2.0.202001021529/tools/bin/../lib/gcc/arm-none-eabi/9.2.1/thumb/v6-m/nofp\libcr_eabihelpers.a(double.o)
                0x00008a38                __aeabi_dcmpgt
 .text.__aeabi_dcmple
                0x00008a94       0x60 c:/nxp/mcuxpressoide_11.2.0_4120/ide/plugins/com.nxp.mcuxpresso.tools.win32_11.2.0.202001021529/tools/bin/../lib/gcc/arm-none-eabi/9.2.1/thumb/v6-m/nofp\libcr_eabihelpers.a(double.o)
                0x00008a94                __aeabi_dcmple
 .text.__aeabi_dcmpge
                0x00008af4       0x64 c:/nxp/mcuxpressoide_11.2.0_4120/ide/plugins/com.nxp.mcuxpresso.tools.win32_11.2.0.202001021529/tools/bin/../lib/gcc/arm-none-eabi/9.2.1/thumb/v6-m/nofp\libcr_eabihelpers.a(double.o)
                0x00008af4                __aeabi_dcmpge
 .text.__aeabi_fmul
                0x00008b58       0xc0 c:/nxp/mcuxpressoide_11.2.0_4120/ide/plugins/com.nxp.mcuxpresso.tools.win32_11.2.0.202001021529/tools/bin/../lib/gcc/arm-none-eabi/9.2.1/thumb/v6-m/nofp\libcr_eabihelpers.a(float.o)
                0x00008b58                __aeabi_fmul
 .text.__aeabi_fsub
                0x00008c18      0x124 c:/nxp/mcuxpressoide_11.2.0_4120/ide/plugins/com.nxp.mcuxpresso.tools.win32_11.2.0.202001021529/tools/bin/../lib/gcc/arm-none-eabi/9.2.1/thumb/v6-m/nofp\libcr_eabihelpers.a(float.o)
                0x00008c18                __aeabi_fsub
 .text.__aeabi_fadd
                0x00008d3c       0xac c:/nxp/mcuxpressoide_11.2.0_4120/ide/plugins/com.nxp.mcuxpresso.tools.win32_11.2.0.202001021529/tools/bin/../lib/gcc/arm-none-eabi/9.2.1/thumb/v6-m/nofp\libcr_eabihelpers.a(float.o)
                0x00008d3c                __aeabi_fadd
 .text.__aeabi_f2d
                0x00008de8       0x40 c:/nxp/mcuxpressoide_11.2.0_4120/ide/plugins/com.nxp.mcuxpresso.tools.win32_11.2.0.202001021529/tools/bin/../lib/gcc/arm-none-eabi/9.2.1/thumb/v6-m/nofp\libcr_eabihelpers.a(float.o)
                0x00008de8                __aeabi_f2d
 .text.UART_EnableTx
                0x00008e28       0x40 ./utilities/fsl_debug_console.o
 .text.UART_EnableRx
                0x00008e68       0x40 ./utilities/fsl_debug_console.o
 .text.LPSCI_EnableTx
                0x00008ea8       0x40 ./utilities/fsl_debug_console.o
 .text.LPSCI_EnableRx
                0x00008ee8       0x40 ./utilities/fsl_debug_console.o
 .text.init_accelerometer
                0x00008f28       0x16 ./source/accelerometer.o
                0x00008f28                init_accelerometer
 .text.cbfifo_capacity
                0x00008f3e       0x14 ./source/cbfifo.o
                0x00008f3e                cbfifo_capacity
 .text.LED_init
                0x00008f52       0x16 ./source/led.o
                0x00008f52                LED_init
 .text.init_peripherals
                0x00008f68       0x36 ./source/main.o
 .text.test_modules
                0x00008f9e       0x1a ./source/main.o
 .text.self_test_accelerometer_mode
                0x00008fb8       0x7e ./source/test_modules.o
 .text.__sys_readc
                0x00009036       0x32 ./source/uart.o
                0x00009036                __sys_readc
 .text.OSC_SetExtRefClkConfig
                0x00009068       0x3e ./drivers/fsl_clock.o
 .text.OSC_SetCapLoad
                0x000090a6       0x42 ./drivers/fsl_clock.o
 .text.CLOCK_GetPll0RefFreq
                0x000090e8       0x10 ./drivers/fsl_clock.o
 .text.CLOCK_SetExternalRefClkConfig
                0x000090f8       0x16 ./drivers/fsl_clock.o
                0x000090f8                CLOCK_SetExternalRefClkConfig
 .text.LPSCI_GetStatusFlags
                0x0000910e       0x26 ./drivers/fsl_lpsci.o
                0x0000910e                LPSCI_GetStatusFlags
 .text.UART_GetStatusFlags
                0x00009134       0x26 ./drivers/fsl_uart.o
                0x00009134                UART_GetStatusFlags
 .text.UART_WriteBlocking
                0x0000915a       0x3c ./drivers/fsl_uart.o
                0x0000915a                UART_WriteBlocking
 .text.BOARD_InitBootClocks
                0x00009196        0xe ./board/clock_config.o
                0x00009196                BOARD_InitBootClocks
 .text.BOARD_InitBootPeripherals
                0x000091a4        0xa ./board/peripherals.o
                0x000091a4                BOARD_InitBootPeripherals
 .text.BOARD_InitBootPins
                0x000091ae        0xe ./board/pin_mux.o
                0x000091ae                BOARD_InitBootPins
 .text.__main   0x000091bc        0xc c:/nxp/mcuxpressoide_11.2.0_4120/ide/plugins/com.nxp.mcuxpresso.tools.win32_11.2.0.202001021529/tools/bin/../lib/gcc/arm-none-eabi/9.2.1/../../../../arm-none-eabi/lib/thumb/v6-m/nofp\libcr_semihost_nf.a(_cr__main.o)
                0x000091bc                __CR_SEMIHOST
                0x000091bc                __main
 .text.memset   0x000091c8        0x8 c:/nxp/mcuxpressoide_11.2.0_4120/ide/plugins/com.nxp.mcuxpresso.tools.win32_11.2.0.202001021529/tools/bin/../lib/gcc/arm-none-eabi/9.2.1/../../../../arm-none-eabi/lib/thumb/v6-m/nofp\libcr_c.a(memset.o)
                0x000091c8                memset
 .text._Csys_read_
                0x000091d0       0x24 c:/nxp/mcuxpressoide_11.2.0_4120/ide/plugins/com.nxp.mcuxpresso.tools.win32_11.2.0.202001021529/tools/bin/../lib/gcc/arm-none-eabi/9.2.1/../../../../arm-none-eabi/lib/thumb/v6-m/nofp\libcr_c.a(__fillbuf.o)
                0x000091d0                _Csys_read_
 .text.acos     0x000091f4        0xa c:/nxp/mcuxpressoide_11.2.0_4120/ide/plugins/com.nxp.mcuxpresso.tools.win32_11.2.0.202001021529/tools/bin/../lib/gcc/arm-none-eabi/9.2.1/../../../../arm-none-eabi/lib/thumb/v6-m/nofp\libcr_c.a(acos.o)
                0x000091f4                acos
 .text.free     0x000091fe       0x2c c:/nxp/mcuxpressoide_11.2.0_4120/ide/plugins/com.nxp.mcuxpresso.tools.win32_11.2.0.202001021529/tools/bin/../lib/gcc/arm-none-eabi/9.2.1/../../../../arm-none-eabi/lib/thumb/v6-m/nofp\libcr_c.a(alloc.o)
                0x000091fe                free
 .text.fabs     0x0000922a       0x22 c:/nxp/mcuxpressoide_11.2.0_4120/ide/plugins/com.nxp.mcuxpresso.tools.win32_11.2.0.202001021529/tools/bin/../lib/gcc/arm-none-eabi/9.2.1/../../../../arm-none-eabi/lib/thumb/v6-m/nofp\libcr_c.a(fabs.o)
                0x0000922a                fabs
 .text.fputs    0x0000924c       0x2e c:/nxp/mcuxpressoide_11.2.0_4120/ide/plugins/com.nxp.mcuxpresso.tools.win32_11.2.0.202001021529/tools/bin/../lib/gcc/arm-none-eabi/9.2.1/../../../../arm-none-eabi/lib/thumb/v6-m/nofp\libcr_c.a(fputs.o)
                0x0000924c                fputs
 .text.no_fp_display
                0x0000927a        0x4 c:/nxp/mcuxpressoide_11.2.0_4120/ide/plugins/com.nxp.mcuxpresso.tools.win32_11.2.0.202001021529/tools/bin/../lib/gcc/arm-none-eabi/9.2.1/../../../../arm-none-eabi/lib/thumb/v6-m/nofp\libcr_c.a(printf.o)
 .text.sscanf   0x0000927e       0x3c c:/nxp/mcuxpressoide_11.2.0_4120/ide/plugins/com.nxp.mcuxpresso.tools.win32_11.2.0.202001021529/tools/bin/../lib/gcc/arm-none-eabi/9.2.1/../../../../arm-none-eabi/lib/thumb/v6-m/nofp\libcr_c.a(scanf.o)
                0x0000927e                sscanf
 .text.strcasecmp
                0x000092ba       0x32 c:/nxp/mcuxpressoide_11.2.0_4120/ide/plugins/com.nxp.mcuxpresso.tools.win32_11.2.0.202001021529/tools/bin/../lib/gcc/arm-none-eabi/9.2.1/../../../../arm-none-eabi/lib/thumb/v6-m/nofp\libcr_c.a(strcasecmp.o)
                0x000092ba                strcasecmp
 .text.remove   0x000092ec       0x12 c:/nxp/mcuxpressoide_11.2.0_4120/ide/plugins/com.nxp.mcuxpresso.tools.win32_11.2.0.202001021529/tools/bin/../lib/gcc/arm-none-eabi/9.2.1/../../../../arm-none-eabi/lib/thumb/v6-m/nofp\libcr_c.a(remove.o)
                0x000092ec                remove
 .text.__aeabi_division_idivmod
                0x000092fe       0x78 c:/nxp/mcuxpressoide_11.2.0_4120/ide/plugins/com.nxp.mcuxpresso.tools.win32_11.2.0.202001021529/tools/bin/../lib/gcc/arm-none-eabi/9.2.1/thumb/v6-m/nofp\libcr_eabihelpers.a(division_32.o)
                0x000092fe                __aeabi_idivmod
                0x000092fe                __aeabi_idiv
                0x00009304                __aeabi_uidivmod
                0x00009304                __aeabi_uidiv
 .text.__aeabi_division_idiv0
                0x00009376        0x2 c:/nxp/mcuxpressoide_11.2.0_4120/ide/plugins/com.nxp.mcuxpresso.tools.win32_11.2.0.202001021529/tools/bin/../lib/gcc/arm-none-eabi/9.2.1/thumb/v6-m/nofp\libcr_eabihelpers.a(division_idiv0.o)
                0x00009376                __aeabi_idiv0
 .text.__bhs_ui2d
                0x00009378       0x5e c:/nxp/mcuxpressoide_11.2.0_4120/ide/plugins/com.nxp.mcuxpresso.tools.win32_11.2.0.202001021529/tools/bin/../lib/gcc/arm-none-eabi/9.2.1/thumb/v6-m/nofp\libcr_eabihelpers.a(double.o)
                0x00009378                __bhs_ui2d
 .text.__aeabi_i2d
                0x000093d6       0x18 c:/nxp/mcuxpressoide_11.2.0_4120/ide/plugins/com.nxp.mcuxpresso.tools.win32_11.2.0.202001021529/tools/bin/../lib/gcc/arm-none-eabi/9.2.1/thumb/v6-m/nofp\libcr_eabihelpers.a(double.o)
                0x000093d6                __aeabi_i2d
 .text.__aeabi_ui2d
                0x000093ee        0xc c:/nxp/mcuxpressoide_11.2.0_4120/ide/plugins/com.nxp.mcuxpresso.tools.win32_11.2.0.202001021529/tools/bin/../lib/gcc/arm-none-eabi/9.2.1/thumb/v6-m/nofp\libcr_eabihelpers.a(double.o)
                0x000093ee                __aeabi_ui2d
 .text.__aeabi_llong_lmul
                0x000093fa       0x2e c:/nxp/mcuxpressoide_11.2.0_4120/ide/plugins/com.nxp.mcuxpresso.tools.win32_11.2.0.202001021529/tools/bin/../lib/gcc/arm-none-eabi/9.2.1/thumb/v6-m/nofp\libcr_eabihelpers.a(llong.o)
                0x000093fa                __aeabi_lmul
 .text.__aeabi_memset_lowlevel
                0x00009428       0x2a c:/nxp/mcuxpressoide_11.2.0_4120/ide/plugins/com.nxp.mcuxpresso.tools.win32_11.2.0.202001021529/tools/bin/../lib/gcc/arm-none-eabi/9.2.1/thumb/v6-m/nofp\libcr_eabihelpers.a(memcpy.o)
                0x00009428                __aeabi_lowlevel_memset
 .text.__gnu_thumb1_case_shi
                0x00009452       0x10 c:/nxp/mcuxpressoide_11.2.0_4120/ide/plugins/com.nxp.mcuxpresso.tools.win32_11.2.0.202001021529/tools/bin/../lib/gcc/arm-none-eabi/9.2.1/thumb/v6-m/nofp\libcr_eabihelpers.a(thumb1_switch_helpers.o)
                0x00009452                __gnu_thumb1_case_shi
 .text.__sys_close
                0x00009462        0xc c:/nxp/mcuxpressoide_11.2.0_4120/ide/plugins/com.nxp.mcuxpresso.tools.win32_11.2.0.202001021529/tools/bin/../lib/gcc/arm-none-eabi/9.2.1/../../../../arm-none-eabi/lib/thumb/v6-m/nofp\libcr_semihost_nf.a(__sys_close.o)
                0x00009462                __sys_close
 .text.__sys_flen
                0x0000946e        0xc c:/nxp/mcuxpressoide_11.2.0_4120/ide/plugins/com.nxp.mcuxpresso.tools.win32_11.2.0.202001021529/tools/bin/../lib/gcc/arm-none-eabi/9.2.1/../../../../arm-none-eabi/lib/thumb/v6-m/nofp\libcr_semihost_nf.a(__sys_flen.o)
                0x0000946e                __sys_flen
 .text.__sys_istty
                0x0000947a        0xc c:/nxp/mcuxpressoide_11.2.0_4120/ide/plugins/com.nxp.mcuxpresso.tools.win32_11.2.0.202001021529/tools/bin/../lib/gcc/arm-none-eabi/9.2.1/../../../../arm-none-eabi/lib/thumb/v6-m/nofp\libcr_semihost_nf.a(__sys_istty.o)
                0x0000947a                __sys_istty
 .text.__sys_read
                0x00009486        0xc c:/nxp/mcuxpressoide_11.2.0_4120/ide/plugins/com.nxp.mcuxpresso.tools.win32_11.2.0.202001021529/tools/bin/../lib/gcc/arm-none-eabi/9.2.1/../../../../arm-none-eabi/lib/thumb/v6-m/nofp\libcr_semihost_nf.a(__sys_read.o)
                0x00009486                __sys_read
 .text.__sys_remove
                0x00009492        0xc c:/nxp/mcuxpressoide_11.2.0_4120/ide/plugins/com.nxp.mcuxpresso.tools.win32_11.2.0.202001021529/tools/bin/../lib/gcc/arm-none-eabi/9.2.1/../../../../arm-none-eabi/lib/thumb/v6-m/nofp\libcr_semihost_nf.a(__sys_remove.o)
                0x00009492                __sys_remove
 .text.__sys_seek
                0x0000949e        0xc c:/nxp/mcuxpressoide_11.2.0_4120/ide/plugins/com.nxp.mcuxpresso.tools.win32_11.2.0.202001021529/tools/bin/../lib/gcc/arm-none-eabi/9.2.1/../../../../arm-none-eabi/lib/thumb/v6-m/nofp\libcr_semihost_nf.a(__sys_seek.o)
                0x0000949e                __sys_seek
 .text.__sys_tmpnam
                0x000094aa        0xc c:/nxp/mcuxpressoide_11.2.0_4120/ide/plugins/com.nxp.mcuxpresso.tools.win32_11.2.0.202001021529/tools/bin/../lib/gcc/arm-none-eabi/9.2.1/../../../../arm-none-eabi/lib/thumb/v6-m/nofp\libcr_semihost_nf.a(__sys_tmpnam.o)
                0x000094aa                __sys_tmpnam
 *(SORT_BY_ALIGNMENT(.rodata) SORT_BY_ALIGNMENT(.rodata.*) SORT_BY_ALIGNMENT(.constdata) SORT_BY_ALIGNMENT(.constdata.*))
 *fill*         0x000094b6        0x2 ff
 .rodata.a.3952
                0x000094b8       0x10 c:/nxp/mcuxpressoide_11.2.0_4120/ide/plugins/com.nxp.mcuxpresso.tools.win32_11.2.0.202001021529/tools/bin/../lib/gcc/arm-none-eabi/9.2.1/../../../../arm-none-eabi/lib/thumb/v6-m/nofp\libcr_c.a(_asinacos.o)
 .rodata.b.3953
                0x000094c8       0x10 c:/nxp/mcuxpressoide_11.2.0_4120/ide/plugins/com.nxp.mcuxpresso.tools.win32_11.2.0.202001021529/tools/bin/../lib/gcc/arm-none-eabi/9.2.1/../../../../arm-none-eabi/lib/thumb/v6-m/nofp\libcr_c.a(_asinacos.o)
 .rodata.str1.4
                0x000094d8      0x578 ./source/command_process.o
 .rodata.process_command.str1.4
                0x00009a50       0x16 ./source/command_process.o
 *fill*         0x00009a66        0x2 ff
 .rodata.brightness_handler.str1.4
                0x00009a68       0x78 ./source/command_process.o
 .rodata.angle_handler.str1.4
                0x00009ae0       0x37 ./source/command_process.o
 *fill*         0x00009b17        0x1 ff
 .rodata.author_handler.str1.4
                0x00009b18       0x4a ./source/command_process.o
 *fill*         0x00009b62        0x2 ff
 .rodata.help_handler.str1.4
                0x00009b64       0x53 ./source/command_process.o
 *fill*         0x00009bb7        0x1 ff
 .rodata.color_handler.str1.4
                0x00009bb8       0x5f ./source/command_process.o
 *fill*         0x00009c17        0x1 ff
 .rodata.touch_handler.str1.4
                0x00009c18        0xc ./source/command_process.o
 .rodata.accumulate_line.str1.4
                0x00009c24        0xd ./source/line_accumulate.o
                                 0x11 (size before relaxing)
 *fill*         0x00009c31        0x3 ff
 .rodata.main.str1.4
                0x00009c34       0x53 ./source/main.o
 *fill*         0x00009c87        0x1 ff
 .rodata.test_cbfifo.str1.4
                0x00009c88     0x3b3e ./source/test_modules.o
 *fill*         0x0000d7c6        0x2 ff
 .rodata.test_tpm_led.str1.4
                0x0000d7c8       0x31 ./source/test_modules.o
 *fill*         0x0000d7f9        0x3 ff
 .rodata.self_test_accelerometer.str1.4
                0x0000d7fc       0x85 ./source/test_modules.o
 *fill*         0x0000d881        0x3 ff
 .rodata.test_accelerometer.str1.4
                0x0000d884       0x5a ./source/test_modules.o
 *fill*         0x0000d8de        0x2 ff
 .rodata.__FUNCTION__.5028
                0x0000d8e0        0xc ./source/test_modules.o
 .rodata.__FUNCTION__.5031
                0x0000d8ec        0xd ./source/test_modules.o
 *fill*         0x0000d8f9        0x3 ff
 .rodata.__FUNCTION__.5077
                0x0000d8fc       0x13 ./source/test_modules.o
 *fill*         0x0000d90f        0x1 ff
 .rodata.CLOCK_GetMcgExtClkFreq.str1.4
                0x0000d910       0x1f ./drivers/fsl_clock.o
 *fill*         0x0000d92f        0x1 ff
 .rodata.CLOCK_GetPll0Freq.str1.4
                0x0000d930       0x1e ./drivers/fsl_clock.o
 *fill*         0x0000d94e        0x2 ff
 .rodata.CLOCK_EnablePll0.str1.4
                0x0000d950       0x1a ./drivers/fsl_clock.o
 *fill*         0x0000d96a        0x2 ff
 .rodata.CLOCK_SetPbeMode.str1.4
                0x0000d96c       0x1b ./drivers/fsl_clock.o
 *fill*         0x0000d987        0x1 ff
 .rodata.CLOCK_BootToPeeMode.str1.4
                0x0000d988       0x1b ./drivers/fsl_clock.o
 *fill*         0x0000d9a3        0x1 ff
 .rodata.fllFactorTable.5210
                0x0000d9a4       0x10 ./drivers/fsl_clock.o
 .rodata.LPSCI_GetInstance.str1.4
                0x0000d9b4       0x37 ./drivers/fsl_lpsci.o
 *fill*         0x0000d9eb        0x1 ff
 .rodata.LPSCI_Init.str1.4
                0x0000d9ec       0x44 ./drivers/fsl_lpsci.o
 .rodata.LPSCI_GetDefaultConfig.str1.4
                0x0000da30       0x1a ./drivers/fsl_lpsci.o
 *fill*         0x0000da4a        0x2 ff
 .rodata.LPSCI_WriteBlocking.str1.4
                0x0000da4c       0x18 ./drivers/fsl_lpsci.o
 .rodata.LPSCI_ReadBlocking.str1.4
                0x0000da64       0x18 ./drivers/fsl_lpsci.o
 .rodata.s_uartBases
                0x0000da7c        0xc ./drivers/fsl_uart.o
 .rodata.s_uartClock
                0x0000da88        0xc ./drivers/fsl_uart.o
 .rodata.UART_GetInstance.str1.4
                0x0000da94       0x2c ./drivers/fsl_uart.o
 .rodata.UART_Init.str1.4
                0x0000dac0       0x43 ./drivers/fsl_uart.o
 *fill*         0x0000db03        0x1 ff
 .rodata.UART_GetDefaultConfig.str1.4
                0x0000db04       0x19 ./drivers/fsl_uart.o
 *fill*         0x0000db1d        0x3 ff
 .rodata.UART_ReadBlocking.str1.4
                0x0000db20       0x17 ./drivers/fsl_uart.o
 *fill*         0x0000db37        0x1 ff
 .rodata.mcgConfig_BOARD_BootClockRUN
                0x0000db38        0xa ./board/clock_config.o
                0x0000db38                mcgConfig_BOARD_BootClockRUN
 *fill*         0x0000db42        0x2 ff
 .rodata.simConfig_BOARD_BootClockRUN
                0x0000db44        0x8 ./board/clock_config.o
                0x0000db44                simConfig_BOARD_BootClockRUN
 .rodata.oscConfig_BOARD_BootClockRUN
                0x0000db4c        0x8 ./board/clock_config.o
                0x0000db4c                oscConfig_BOARD_BootClockRUN
 .rodata.__num_Ciob_streams
                0x0000db54        0x4 c:/nxp/mcuxpressoide_11.2.0_4120/ide/plugins/com.nxp.mcuxpresso.tools.win32_11.2.0.202001021529/tools/bin/../lib/gcc/arm-none-eabi/9.2.1/../../../../arm-none-eabi/lib/thumb/v6-m/nofp\libcr_semihost_nf.a(__ciob.o)
                0x0000db54                __num_Ciob_streams
 .rodata.__assertion_failed.str1.1
                0x0000db58       0x15 c:/nxp/mcuxpressoide_11.2.0_4120/ide/plugins/com.nxp.mcuxpresso.tools.win32_11.2.0.202001021529/tools/bin/../lib/gcc/arm-none-eabi/9.2.1/../../../../arm-none-eabi/lib/thumb/v6-m/nofp\libcr_semihost_nf.a(_cr_assert.o)
 .rodata._Csys_alloc.str1.1
                0x0000db6d       0x18 c:/nxp/mcuxpressoide_11.2.0_4120/ide/plugins/com.nxp.mcuxpresso.tools.win32_11.2.0.202001021529/tools/bin/../lib/gcc/arm-none-eabi/9.2.1/../../../../arm-none-eabi/lib/thumb/v6-m/nofp\libcr_c.a(alloc.o)
 .rodata._initio.str1.1
                0x0000db85        0x4 c:/nxp/mcuxpressoide_11.2.0_4120/ide/plugins/com.nxp.mcuxpresso.tools.win32_11.2.0.202001021529/tools/bin/../lib/gcc/arm-none-eabi/9.2.1/../../../../arm-none-eabi/lib/thumb/v6-m/nofp\libcr_c.a(initio.o)
 .rodata.__vfprintf.str1.1
                0x0000db89       0x35 c:/nxp/mcuxpressoide_11.2.0_4120/ide/plugins/com.nxp.mcuxpresso.tools.win32_11.2.0.202001021529/tools/bin/../lib/gcc/arm-none-eabi/9.2.1/../../../../arm-none-eabi/lib/thumb/v6-m/nofp\libcr_c.a(printf.o)
                                 0x38 (size before relaxing)
 .rodata.__ctype
                0x0000dbbe      0x180 c:/nxp/mcuxpressoide_11.2.0_4120/ide/plugins/com.nxp.mcuxpresso.tools.win32_11.2.0.202001021529/tools/bin/../lib/gcc/arm-none-eabi/9.2.1/../../../../arm-none-eabi/lib/thumb/v6-m/nofp\libcr_c.a(ctype.o)
                0x0000dbbe                __ctype
                0x0000dd40                . = ALIGN (0x4)
 *fill*         0x0000dd3e        0x2 ff

.glue_7         0x0000dd40        0x0
 .glue_7        0x0000dd40        0x0 linker stubs

.glue_7t        0x0000dd40        0x0
 .glue_7t       0x0000dd40        0x0 linker stubs

.vfp11_veneer   0x0000dd40        0x0
 .vfp11_veneer  0x0000dd40        0x0 linker stubs

.v4_bx          0x0000dd40        0x0
 .v4_bx         0x0000dd40        0x0 linker stubs

.iplt           0x0000dd40        0x0
 .iplt          0x0000dd40        0x0 ./utilities/fsl_debug_console.o

.rel.dyn        0x0000dd40        0x0
 .rel.iplt      0x0000dd40        0x0 ./utilities/fsl_debug_console.o

.ARM.extab
 *(SORT_BY_ALIGNMENT(.ARM.extab*) SORT_BY_ALIGNMENT(.gnu.linkonce.armextab.*))

.ARM.exidx      0x0000dd40        0x0
                0x0000dd40                __exidx_start = .
 *(SORT_BY_ALIGNMENT(.ARM.exidx*) SORT_BY_ALIGNMENT(.gnu.linkonce.armexidx.*))
                0x0000dd40                __exidx_end = .
                0x0000dd40                _etext = .

.m_usb_data
 *(SORT_BY_ALIGNMENT(m_usb_bdt))

.mtb_buffer_default
                0x1ffff000       0x80
 *(SORT_BY_ALIGNMENT(.mtb*))
 .mtb.$RAM1     0x1ffff000       0x80 ./source/mtb.o
                0x1ffff000                __mtb_buffer__

.uninit_RESERVED
                0x1ffff080        0x0
                0x1ffff080                _start_uninit_RESERVED = .
 *(SORT_BY_ALIGNMENT(.bss.$RESERVED*))
                0x1ffff080                . = ALIGN (0x4)
                0x1ffff080                _end_uninit_RESERVED = .

.data           0x1ffff080       0x88 load address 0x0000dd40
 FILL mask 0xff
                0x1ffff080                _data = .
                [!provide]                PROVIDE (__start_data_RAM = .)
                [!provide]                PROVIDE (__start_data_SRAM = .)
 *(SORT_BY_ALIGNMENT(vtable))
 *(SORT_BY_ALIGNMENT(.ramfunc*))
 *(SORT_BY_ALIGNMENT(CodeQuickAccess))
 *(SORT_BY_ALIGNMENT(DataQuickAccess))
 *(SORT_BY_ALIGNMENT(RamFunction))
 *(SORT_BY_ALIGNMENT(.data*))
 .data.desired_angle
                0x1ffff080        0x4 ./source/command_process.o
                0x1ffff080                desired_angle
 .data.commands
                0x1ffff084       0x70 ./source/command_process.o
 .data.brightness
                0x1ffff0f4        0x4 ./source/led.o
                0x1ffff0f4                brightness
 .data.s_slowIrcFreq
                0x1ffff0f8        0x4 ./drivers/fsl_clock.o
 .data.SystemCoreClock
                0x1ffff0fc        0x4 ./CMSIS/system_MKL25Z4.o
                0x1ffff0fc                SystemCoreClock
 .data.neginf.4394
                0x1ffff100        0x4 c:/nxp/mcuxpressoide_11.2.0_4120/ide/plugins/com.nxp.mcuxpresso.tools.win32_11.2.0.202001021529/tools/bin/../lib/gcc/arm-none-eabi/9.2.1/../../../../arm-none-eabi/lib/thumb/v6-m/nofp\libcr_c.a(scanf.o)
 .data.posinf.4393
                0x1ffff104        0x4 c:/nxp/mcuxpressoide_11.2.0_4120/ide/plugins/com.nxp.mcuxpresso.tools.win32_11.2.0.202001021529/tools/bin/../lib/gcc/arm-none-eabi/9.2.1/../../../../arm-none-eabi/lib/thumb/v6-m/nofp\libcr_c.a(scanf.o)
                0x1ffff108                . = ALIGN (0x4)
                0x1ffff108                _edata = .
                [!provide]                PROVIDE (__end_data_RAM = .)
                [!provide]                PROVIDE (__end_data_SRAM = .)

.igot.plt       0x1ffff108        0x0 load address 0x0000ddc8
 .igot.plt      0x1ffff108        0x0 ./utilities/fsl_debug_console.o

.bss            0x1ffff108      0x368
                0x1ffff108                _bss = .
                [!provide]                PROVIDE (__start_bss_RAM = .)
                [!provide]                PROVIDE (__start_bss_SRAM = .)
 *(SORT_BY_ALIGNMENT(.bss*))
 .bss.s_debugConsole
                0x1ffff108       0x10 ./utilities/fsl_debug_console.o
 .bss.tilt      0x1ffff118        0x4 ./source/accelerometer.o
                0x1ffff118                tilt
 .bss.tilt_value
                0x1ffff11c        0x4 ./source/accelerometer.o
                0x1ffff11c                tilt_value
 .bss.fifo      0x1ffff120      0x218 ./source/cbfifo.o
                0x1ffff120                fifo
 .bss.i         0x1ffff338        0x4 ./source/cbfifo.o
                0x1ffff338                i
 .bss.calibrated_angle
                0x1ffff33c        0x4 ./source/command_process.o
                0x1ffff33c                calibrated_angle
 .bss.lock_detect
                0x1ffff340        0x4 ./source/i2c.o
                0x1ffff340                lock_detect
 .bss.i2c_lock  0x1ffff344        0x4 ./source/i2c.o
                0x1ffff344                i2c_lock
 .bss.color     0x1ffff348       0x3c ./source/led.o
                0x1ffff348                color
 .bss.timer_interrupt_count
                0x1ffff384        0x4 ./source/systick.o
                0x1ffff384                timer_interrupt_count
 .bss.systick_count
                0x1ffff388        0x4 ./source/systick.o
                0x1ffff388                systick_count
 .bss.g_xtal0Freq
                0x1ffff38c        0x4 ./drivers/fsl_clock.o
                0x1ffff38c                g_xtal0Freq
 .bss.s_lpsciHandle
                0x1ffff390        0x4 ./drivers/fsl_lpsci.o
 .bss.s_lpsciIsr
                0x1ffff394        0x4 ./drivers/fsl_lpsci.o
 .bss.s_uartHandle
                0x1ffff398        0xc ./drivers/fsl_uart.o
 .bss.s_uartIsr
                0x1ffff3a4        0x4 ./drivers/fsl_uart.o
 .bss.__Ciob    0x1ffff3a8       0xb4 c:/nxp/mcuxpressoide_11.2.0_4120/ide/plugins/com.nxp.mcuxpresso.tools.win32_11.2.0.202001021529/tools/bin/../lib/gcc/arm-none-eabi/9.2.1/../../../../arm-none-eabi/lib/thumb/v6-m/nofp\libcr_semihost_nf.a(__ciob.o)
                0x1ffff3a8                __Ciob
 .bss.__end_of_heap
                0x1ffff45c        0x4 c:/nxp/mcuxpressoide_11.2.0_4120/ide/plugins/com.nxp.mcuxpresso.tools.win32_11.2.0.202001021529/tools/bin/../lib/gcc/arm-none-eabi/9.2.1/../../../../arm-none-eabi/lib/thumb/v6-m/nofp\libcr_c.a(__init_alloc.o)
                0x1ffff45c                __end_of_heap
 .bss.__heaps   0x1ffff460        0x4 c:/nxp/mcuxpressoide_11.2.0_4120/ide/plugins/com.nxp.mcuxpresso.tools.win32_11.2.0.202001021529/tools/bin/../lib/gcc/arm-none-eabi/9.2.1/../../../../arm-none-eabi/lib/thumb/v6-m/nofp\libcr_c.a(__init_alloc.o)
                0x1ffff460                __heaps
 .bss.errno     0x1ffff464        0x4 c:/nxp/mcuxpressoide_11.2.0_4120/ide/plugins/com.nxp.mcuxpresso.tools.win32_11.2.0.202001021529/tools/bin/../lib/gcc/arm-none-eabi/9.2.1/../../../../arm-none-eabi/lib/thumb/v6-m/nofp\libcr_c.a(errno.o)
                0x1ffff464                errno
 .bss.acc_X     0x1ffff468        0x2 ./source/accelerometer.o
                0x1ffff468                acc_X
 .bss.acc_Y     0x1ffff46a        0x2 ./source/accelerometer.o
                0x1ffff46a                acc_Y
 .bss.acc_Z     0x1ffff46c        0x2 ./source/accelerometer.o
                0x1ffff46c                acc_Z
 *(SORT_BY_ALIGNMENT(COMMON))
                0x1ffff470                . = ALIGN (0x4)
 *fill*         0x1ffff46e        0x2 
                0x1ffff470                _ebss = .
                [!provide]                PROVIDE (__end_bss_RAM = .)
                [!provide]                PROVIDE (__end_bss_SRAM = .)
                [!provide]                PROVIDE (end = .)

.noinit         0x1ffff470        0x0
                0x1ffff470                _noinit = .
                [!provide]                PROVIDE (__start_noinit_RAM = .)
                [!provide]                PROVIDE (__start_noinit_SRAM = .)
 *(SORT_BY_ALIGNMENT(.noinit*))
                0x1ffff470                . = ALIGN (0x4)
                0x1ffff470                _end_noinit = .
                [!provide]                PROVIDE (__end_noinit_RAM = .)
                [!provide]                PROVIDE (__end_noinit_SRAM = .)
                0x00000400                _HeapSize = 0x400

.heap           0x1ffff470      0x400
                0x1ffff470                _pvHeapStart = .
                0x1ffff870                . = (. + _HeapSize)
 *fill*         0x1ffff470      0x400 
                0x1ffff870                . = ALIGN (0x4)
                0x1ffff870                _pvHeapLimit = .
                0x00000400                _StackSize = 0x400

.heap2stackfill
                0x1ffff870      0x400
                0x1ffffc70                . = (. + _StackSize)
 *fill*         0x1ffff870      0x400 

.stack          0x20002c00        0x0
                0x20002c00                _vStackBase = .
                0x20002c00                . = ALIGN (0x4)
                0x20003000                _vStackTop = (. + _StackSize)
                0x00000000                _image_start = LOADADDR (.text)
                0x0000ddc8                _image_end = (LOADADDR (.data) + SIZEOF (.data))
                0x0000ddc8                _image_size = (_image_end - _image_start)
OUTPUT(ECEN5813-Course-Project.axf elf32-littlearm)

.debug_info     0x00000000     0xb786
 .debug_info    0x00000000      0x9b5 ./utilities/fsl_debug_console.o
 .debug_info    0x000009b5      0x4df ./startup/startup_mkl25z4.o
 .debug_info    0x00000e94      0x4be ./source/accelerometer.o
 .debug_info    0x00001352      0x4c8 ./source/cbfifo.o
 .debug_info    0x0000181a      0xb9e ./source/command_process.o
 .debug_info    0x000023b8      0x575 ./source/i2c.o
 .debug_info    0x0000292d      0x62b ./source/led.o
 .debug_info    0x00002f58      0x54d ./source/line_accumulate.o
 .debug_info    0x000034a5      0x609 ./source/main.o
 .debug_info    0x00003aae       0x53 ./source/mtb.o
 .debug_info    0x00003b01       0x3c ./source/semihost_hardfault.o
 .debug_info    0x00003b3d      0x1e4 ./source/sysclock.o
 .debug_info    0x00003d21      0x47d ./source/systick.o
 .debug_info    0x0000419e      0x5b1 ./source/test_modules.o
 .debug_info    0x0000474f      0x783 ./source/touch.o
 .debug_info    0x00004ed2      0x887 ./source/uart.o
 .debug_info    0x00005759     0x1a97 ./drivers/fsl_clock.o
 .debug_info    0x000071f0     0x1469 ./drivers/fsl_lpsci.o
 .debug_info    0x00008659     0x140a ./drivers/fsl_uart.o
 .debug_info    0x00009a63      0x80b ./board/board.o
 .debug_info    0x0000a26e      0xb00 ./board/clock_config.o
 .debug_info    0x0000ad6e       0x3c ./board/peripherals.o
 .debug_info    0x0000adaa      0x5a3 ./board/pin_mux.o
 .debug_info    0x0000b34d      0x439 ./CMSIS/system_MKL25Z4.o

.debug_abbrev   0x00000000     0x28d3
 .debug_abbrev  0x00000000      0x21b ./utilities/fsl_debug_console.o
 .debug_abbrev  0x0000021b      0x18d ./startup/startup_mkl25z4.o
 .debug_abbrev  0x000003a8      0x132 ./source/accelerometer.o
 .debug_abbrev  0x000004da      0x228 ./source/cbfifo.o
 .debug_abbrev  0x00000702      0x23e ./source/command_process.o
 .debug_abbrev  0x00000940      0x1b4 ./source/i2c.o
 .debug_abbrev  0x00000af4      0x212 ./source/led.o
 .debug_abbrev  0x00000d06      0x157 ./source/line_accumulate.o
 .debug_abbrev  0x00000e5d      0x144 ./source/main.o
 .debug_abbrev  0x00000fa1       0x46 ./source/mtb.o
 .debug_abbrev  0x00000fe7       0x31 ./source/semihost_hardfault.o
 .debug_abbrev  0x00001018       0xef ./source/sysclock.o
 .debug_abbrev  0x00001107      0x1e0 ./source/systick.o
 .debug_abbrev  0x000012e7      0x19b ./source/test_modules.o
 .debug_abbrev  0x00001482      0x198 ./source/touch.o
 .debug_abbrev  0x0000161a      0x215 ./source/uart.o
 .debug_abbrev  0x0000182f      0x36f ./drivers/fsl_clock.o
 .debug_abbrev  0x00001b9e      0x309 ./drivers/fsl_lpsci.o
 .debug_abbrev  0x00001ea7      0x323 ./drivers/fsl_uart.o
 .debug_abbrev  0x000021ca      0x1a7 ./board/board.o
 .debug_abbrev  0x00002371      0x220 ./board/clock_config.o
 .debug_abbrev  0x00002591       0x31 ./board/peripherals.o
 .debug_abbrev  0x000025c2      0x1bb ./board/pin_mux.o
 .debug_abbrev  0x0000277d      0x156 ./CMSIS/system_MKL25Z4.o

.debug_aranges  0x00000000      0x9e8
 .debug_aranges
                0x00000000       0x48 ./utilities/fsl_debug_console.o
 .debug_aranges
                0x00000048      0x160 ./startup/startup_mkl25z4.o
 .debug_aranges
                0x000001a8       0x30 ./source/accelerometer.o
 .debug_aranges
                0x000001d8       0x48 ./source/cbfifo.o
 .debug_aranges
                0x00000220       0x58 ./source/command_process.o
 .debug_aranges
                0x00000278       0x58 ./source/i2c.o
 .debug_aranges
                0x000002d0       0x58 ./source/led.o
 .debug_aranges
                0x00000328       0x20 ./source/line_accumulate.o
 .debug_aranges
                0x00000348       0x30 ./source/main.o
 .debug_aranges
                0x00000378       0x18 ./source/mtb.o
 .debug_aranges
                0x00000390       0x20 ./source/semihost_hardfault.o
 .debug_aranges
                0x000003b0       0x20 ./source/sysclock.o
 .debug_aranges
                0x000003d0       0x40 ./source/systick.o
 .debug_aranges
                0x00000410       0x40 ./source/test_modules.o
 .debug_aranges
                0x00000450       0x28 ./source/touch.o
 .debug_aranges
                0x00000478       0x50 ./source/uart.o
 .debug_aranges
                0x000004c8      0x1d8 ./drivers/fsl_clock.o
 .debug_aranges
                0x000006a0      0x118 ./drivers/fsl_lpsci.o
 .debug_aranges
                0x000007b8      0x130 ./drivers/fsl_uart.o
 .debug_aranges
                0x000008e8       0x28 ./board/board.o
 .debug_aranges
                0x00000910       0x58 ./board/clock_config.o
 .debug_aranges
                0x00000968       0x20 ./board/peripherals.o
 .debug_aranges
                0x00000988       0x38 ./board/pin_mux.o
 .debug_aranges
                0x000009c0       0x28 ./CMSIS/system_MKL25Z4.o

.debug_ranges   0x00000000      0x878
 .debug_ranges  0x00000000       0x38 ./utilities/fsl_debug_console.o
 .debug_ranges  0x00000038      0x150 ./startup/startup_mkl25z4.o
 .debug_ranges  0x00000188       0x20 ./source/accelerometer.o
 .debug_ranges  0x000001a8       0x38 ./source/cbfifo.o
 .debug_ranges  0x000001e0       0x60 ./source/command_process.o
 .debug_ranges  0x00000240       0x48 ./source/i2c.o
 .debug_ranges  0x00000288       0x48 ./source/led.o
 .debug_ranges  0x000002d0       0x10 ./source/line_accumulate.o
 .debug_ranges  0x000002e0       0x20 ./source/main.o
 .debug_ranges  0x00000300       0x10 ./source/semihost_hardfault.o
 .debug_ranges  0x00000310       0x10 ./source/sysclock.o
 .debug_ranges  0x00000320       0x30 ./source/systick.o
 .debug_ranges  0x00000350       0x30 ./source/test_modules.o
 .debug_ranges  0x00000380       0x18 ./source/touch.o
 .debug_ranges  0x00000398       0x40 ./source/uart.o
 .debug_ranges  0x000003d8      0x1c8 ./drivers/fsl_clock.o
 .debug_ranges  0x000005a0      0x108 ./drivers/fsl_lpsci.o
 .debug_ranges  0x000006a8      0x120 ./drivers/fsl_uart.o
 .debug_ranges  0x000007c8       0x18 ./board/board.o
 .debug_ranges  0x000007e0       0x48 ./board/clock_config.o
 .debug_ranges  0x00000828       0x10 ./board/peripherals.o
 .debug_ranges  0x00000838       0x28 ./board/pin_mux.o
 .debug_ranges  0x00000860       0x18 ./CMSIS/system_MKL25Z4.o

.debug_macro    0x00000000     0xebc8
 .debug_macro   0x00000000      0x13a ./utilities/fsl_debug_console.o
 .debug_macro   0x0000013a      0xab4 ./utilities/fsl_debug_console.o
 .debug_macro   0x00000bee       0x10 ./utilities/fsl_debug_console.o
 .debug_macro   0x00000bfe       0x16 ./utilities/fsl_debug_console.o
 .debug_macro   0x00000c14       0x10 ./utilities/fsl_debug_console.o
 .debug_macro   0x00000c24      0x12e ./utilities/fsl_debug_console.o
 .debug_macro   0x00000d52       0x28 ./utilities/fsl_debug_console.o
 .debug_macro   0x00000d7a       0xc4 ./utilities/fsl_debug_console.o
 .debug_macro   0x00000e3e       0x16 ./utilities/fsl_debug_console.o
 .debug_macro   0x00000e54       0x22 ./utilities/fsl_debug_console.o
 .debug_macro   0x00000e76      0x5b3 ./utilities/fsl_debug_console.o
 .debug_macro   0x00001429       0x10 ./utilities/fsl_debug_console.o
 .debug_macro   0x00001439       0x3f ./utilities/fsl_debug_console.o
 .debug_macro   0x00001478       0x3a ./utilities/fsl_debug_console.o
 .debug_macro   0x000014b2       0x26 ./utilities/fsl_debug_console.o
 .debug_macro   0x000014d8      0x329 ./utilities/fsl_debug_console.o
 .debug_macro   0x00001801       0x30 ./utilities/fsl_debug_console.o
 .debug_macro   0x00001831     0x51e2 ./utilities/fsl_debug_console.o
 .debug_macro   0x00006a13     0x1352 ./utilities/fsl_debug_console.o
 .debug_macro   0x00007d65       0x3a ./utilities/fsl_debug_console.o
 .debug_macro   0x00007d9f       0xf4 ./utilities/fsl_debug_console.o
 .debug_macro   0x00007e93       0x35 ./utilities/fsl_debug_console.o
 .debug_macro   0x00007ec8       0xd2 ./utilities/fsl_debug_console.o
 .debug_macro   0x00007f9a       0x2e ./utilities/fsl_debug_console.o
 .debug_macro   0x00007fc8       0x10 ./utilities/fsl_debug_console.o
 .debug_macro   0x00007fd8       0x10 ./utilities/fsl_debug_console.o
 .debug_macro   0x00007fe8       0x29 ./startup/startup_mkl25z4.o
 .debug_macro   0x00008011      0x131 ./source/accelerometer.o
 .debug_macro   0x00008142       0xc4 ./source/accelerometer.o
 .debug_macro   0x00008206       0xd8 ./source/accelerometer.o
 .debug_macro   0x000082de       0x46 ./source/accelerometer.o
 .debug_macro   0x00008324       0x82 ./source/accelerometer.o
 .debug_macro   0x000083a6       0xc6 ./source/cbfifo.o
 .debug_macro   0x0000846c      0x17e ./source/command_process.o
 .debug_macro   0x000085ea       0x1c ./source/command_process.o
 .debug_macro   0x00008606       0x10 ./source/command_process.o
 .debug_macro   0x00008616       0x16 ./source/command_process.o
 .debug_macro   0x0000862c       0x10 ./source/command_process.o
 .debug_macro   0x0000863c      0x112 ./source/command_process.o
 .debug_macro   0x0000874e       0x34 ./source/command_process.o
 .debug_macro   0x00008782       0x10 ./source/command_process.o
 .debug_macro   0x00008792       0x91 ./source/i2c.o
 .debug_macro   0x00008823       0x3f ./source/i2c.o
 .debug_macro   0x00008862       0x34 ./source/i2c.o
 .debug_macro   0x00008896     0x51e2 ./source/i2c.o
 .debug_macro   0x0000da78       0x97 ./source/led.o
 .debug_macro   0x0000db0f      0x15e ./source/line_accumulate.o
 .debug_macro   0x0000dc6d      0x1bd ./source/main.o
 .debug_macro   0x0000de2a       0x7c ./source/main.o
 .debug_macro   0x0000dea6       0x16 ./source/main.o
 .debug_macro   0x0000debc       0x22 ./source/main.o
 .debug_macro   0x0000dede       0x10 ./source/main.o
 .debug_macro   0x0000deee       0x22 ./source/main.o
 .debug_macro   0x0000df10       0x10 ./source/main.o
 .debug_macro   0x0000df20       0x2f ./source/mtb.o
 .debug_macro   0x0000df4f       0x82 ./source/mtb.o
 .debug_macro   0x0000dfd1       0x10 ./source/mtb.o
 .debug_macro   0x0000dfe1       0x11 ./source/semihost_hardfault.o
 .debug_macro   0x0000dff2       0x91 ./source/sysclock.o
 .debug_macro   0x0000e083       0x98 ./source/systick.o
 .debug_macro   0x0000e11b       0xfd ./source/test_modules.o
 .debug_macro   0x0000e218      0x14a ./source/touch.o
 .debug_macro   0x0000e362       0xc2 ./source/uart.o
 .debug_macro   0x0000e424      0x196 ./drivers/fsl_clock.o
 .debug_macro   0x0000e5ba       0x1c ./drivers/fsl_clock.o
 .debug_macro   0x0000e5d6       0xec ./drivers/fsl_lpsci.o
 .debug_macro   0x0000e6c2       0xf2 ./drivers/fsl_uart.o
 .debug_macro   0x0000e7b4      0x12b ./board/board.o
 .debug_macro   0x0000e8df      0x123 ./board/clock_config.o
 .debug_macro   0x0000ea02       0x1b ./board/peripherals.o
 .debug_macro   0x0000ea1d      0x107 ./board/pin_mux.o
 .debug_macro   0x0000eb24       0x10 ./board/pin_mux.o
 .debug_macro   0x0000eb34       0x94 ./CMSIS/system_MKL25Z4.o

.debug_line     0x00000000     0x839a
 .debug_line    0x00000000      0x4ae ./utilities/fsl_debug_console.o
 .debug_line    0x000004ae      0x1e7 ./startup/startup_mkl25z4.o
 .debug_line    0x00000695      0x4e4 ./source/accelerometer.o
 .debug_line    0x00000b79      0x41f ./source/cbfifo.o
 .debug_line    0x00000f98      0x77d ./source/command_process.o
 .debug_line    0x00001715      0x3da ./source/i2c.o
 .debug_line    0x00001aef      0x3fd ./source/led.o
 .debug_line    0x00001eec      0x4da ./source/line_accumulate.o
 .debug_line    0x000023c6      0x572 ./source/main.o
 .debug_line    0x00002938       0xd1 ./source/mtb.o
 .debug_line    0x00002a09       0x59 ./source/semihost_hardfault.o
 .debug_line    0x00002a62      0x251 ./source/sysclock.o
 .debug_line    0x00002cb3      0x333 ./source/systick.o
 .debug_line    0x00002fe6      0xd9d ./source/test_modules.o
 .debug_line    0x00003d83      0x482 ./source/touch.o
 .debug_line    0x00004205      0x46b ./source/uart.o
 .debug_line    0x00004670     0x130b ./drivers/fsl_clock.o
 .debug_line    0x0000597b      0xd84 ./drivers/fsl_lpsci.o
 .debug_line    0x000066ff      0xd73 ./drivers/fsl_uart.o
 .debug_line    0x00007472      0x3e4 ./board/board.o
 .debug_line    0x00007856      0x417 ./board/clock_config.o
 .debug_line    0x00007c6d       0x5c ./board/peripherals.o
 .debug_line    0x00007cc9      0x39e ./board/pin_mux.o
 .debug_line    0x00008067      0x333 ./CMSIS/system_MKL25Z4.o

.debug_str      0x00000000    0x36789
 .debug_str     0x00000000    0x31608 ./utilities/fsl_debug_console.o
                              0x3185a (size before relaxing)
 .debug_str     0x00031608      0x3e1 ./startup/startup_mkl25z4.o
                               0x321e (size before relaxing)
 .debug_str     0x000319e9      0x34a ./source/accelerometer.o
                              0x31612 (size before relaxing)
 .debug_str     0x00031d33      0x141 ./source/cbfifo.o
                              0x292da (size before relaxing)
 .debug_str     0x00031e74     0x1032 ./source/command_process.o
                              0x324c6 (size before relaxing)
 .debug_str     0x00032ea6      0x19f ./source/i2c.o
                              0x2908c (size before relaxing)
 .debug_str     0x00033045       0x97 ./source/led.o
                              0x2901c (size before relaxing)
 .debug_str     0x000330dc       0x48 ./source/line_accumulate.o
                              0x3172a (size before relaxing)
 .debug_str     0x00033124       0xaa ./source/main.o
                              0x31bc2 (size before relaxing)
 .debug_str     0x000331ce      0x532 ./source/mtb.o
                               0x332a (size before relaxing)
 .debug_str     0x00033700       0x1f ./source/semihost_hardfault.o
                               0x2e17 (size before relaxing)
 .debug_str     0x0003371f       0x38 ./source/sysclock.o
                              0x28dfd (size before relaxing)
 .debug_str     0x00033757      0x2a8 ./source/systick.o
                              0x29093 (size before relaxing)
 .debug_str     0x000339ff       0xc1 ./source/test_modules.o
                              0x296b0 (size before relaxing)
 .debug_str     0x00033ac0       0x49 ./source/touch.o
                              0x317ec (size before relaxing)
 .debug_str     0x00033b09       0x80 ./source/uart.o
                              0x2928d (size before relaxing)
 .debug_str     0x00033b89     0x14c2 ./drivers/fsl_clock.o
                              0x32325 (size before relaxing)
 .debug_str     0x0003504b      0x95f ./drivers/fsl_lpsci.o
                              0x3192d (size before relaxing)
 .debug_str     0x000359aa      0x832 ./drivers/fsl_uart.o
                              0x31950 (size before relaxing)
 .debug_str     0x000361dc       0x4c ./board/board.o
                              0x3179d (size before relaxing)
 .debug_str     0x00036228      0x300 ./board/clock_config.o
                              0x31253 (size before relaxing)
 .debug_str     0x00036528       0x31 ./board/peripherals.o
                               0x2e28 (size before relaxing)
 .debug_str     0x00036559      0x1e1 ./board/pin_mux.o
                              0x309b6 (size before relaxing)
 .debug_str     0x0003673a       0x4f ./CMSIS/system_MKL25Z4.o
                              0x2fc8f (size before relaxing)

.comment        0x00000000       0x79
 .comment       0x00000000       0x79 ./utilities/fsl_debug_console.o
                                 0x7a (size before relaxing)
 .comment       0x00000079       0x7a ./startup/startup_mkl25z4.o
 .comment       0x00000079       0x7a ./source/accelerometer.o
 .comment       0x00000079       0x7a ./source/cbfifo.o
 .comment       0x00000079       0x7a ./source/command_process.o
 .comment       0x00000079       0x7a ./source/i2c.o
 .comment       0x00000079       0x7a ./source/led.o
 .comment       0x00000079       0x7a ./source/line_accumulate.o
 .comment       0x00000079       0x7a ./source/main.o
 .comment       0x00000079       0x7a ./source/mtb.o
 .comment       0x00000079       0x7a ./source/semihost_hardfault.o
 .comment       0x00000079       0x7a ./source/sysclock.o
 .comment       0x00000079       0x7a ./source/systick.o
 .comment       0x00000079       0x7a ./source/test_modules.o
 .comment       0x00000079       0x7a ./source/touch.o
 .comment       0x00000079       0x7a ./source/uart.o
 .comment       0x00000079       0x7a ./drivers/fsl_clock.o
 .comment       0x00000079       0x7a ./drivers/fsl_lpsci.o
 .comment       0x00000079       0x7a ./drivers/fsl_uart.o
 .comment       0x00000079       0x7a ./board/board.o
 .comment       0x00000079       0x7a ./board/clock_config.o
 .comment       0x00000079       0x7a ./board/peripherals.o
 .comment       0x00000079       0x7a ./board/pin_mux.o
 .comment       0x00000079       0x7a ./CMSIS/system_MKL25Z4.o
 .comment       0x00000079       0x7a c:/nxp/mcuxpressoide_11.2.0_4120/ide/plugins/com.nxp.mcuxpresso.tools.win32_11.2.0.202001021529/tools/bin/../lib/gcc/arm-none-eabi/9.2.1/../../../../arm-none-eabi/lib/thumb/v6-m/nofp\libcr_semihost_nf.a(__ciob.o)
 .comment       0x00000079       0x7a c:/nxp/mcuxpressoide_11.2.0_4120/ide/plugins/com.nxp.mcuxpresso.tools.win32_11.2.0.202001021529/tools/bin/../lib/gcc/arm-none-eabi/9.2.1/../../../../arm-none-eabi/lib/thumb/v6-m/nofp\libcr_semihost_nf.a(_cr__main.o)
 .comment       0x00000079       0x7a c:/nxp/mcuxpressoide_11.2.0_4120/ide/plugins/com.nxp.mcuxpresso.tools.win32_11.2.0.202001021529/tools/bin/../lib/gcc/arm-none-eabi/9.2.1/../../../../arm-none-eabi/lib/thumb/v6-m/nofp\libcr_semihost_nf.a(_cr_assert.o)
 .comment       0x00000079       0x7a c:/nxp/mcuxpressoide_11.2.0_4120/ide/plugins/com.nxp.mcuxpresso.tools.win32_11.2.0.202001021529/tools/bin/../lib/gcc/arm-none-eabi/9.2.1/../../../../arm-none-eabi/lib/thumb/v6-m/nofp\libcr_c.a(memset.o)
 .comment       0x00000079       0x7a c:/nxp/mcuxpressoide_11.2.0_4120/ide/plugins/com.nxp.mcuxpresso.tools.win32_11.2.0.202001021529/tools/bin/../lib/gcc/arm-none-eabi/9.2.1/../../../../arm-none-eabi/lib/thumb/v6-m/nofp\libcr_c.a(__fillbuf.o)
 .comment       0x00000079       0x7a c:/nxp/mcuxpressoide_11.2.0_4120/ide/plugins/com.nxp.mcuxpresso.tools.win32_11.2.0.202001021529/tools/bin/../lib/gcc/arm-none-eabi/9.2.1/../../../../arm-none-eabi/lib/thumb/v6-m/nofp\libcr_c.a(_deferredlazyseek.o)
 .comment       0x00000079       0x7a c:/nxp/mcuxpressoide_11.2.0_4120/ide/plugins/com.nxp.mcuxpresso.tools.win32_11.2.0.202001021529/tools/bin/../lib/gcc/arm-none-eabi/9.2.1/../../../../arm-none-eabi/lib/thumb/v6-m/nofp\libcr_c.a(_fflush.o)
 .comment       0x00000079       0x7a c:/nxp/mcuxpressoide_11.2.0_4120/ide/plugins/com.nxp.mcuxpresso.tools.win32_11.2.0.202001021529/tools/bin/../lib/gcc/arm-none-eabi/9.2.1/../../../../arm-none-eabi/lib/thumb/v6-m/nofp\libcr_c.a(_writebuf.o)
 .comment       0x00000079       0x7a c:/nxp/mcuxpressoide_11.2.0_4120/ide/plugins/com.nxp.mcuxpresso.tools.win32_11.2.0.202001021529/tools/bin/../lib/gcc/arm-none-eabi/9.2.1/../../../../arm-none-eabi/lib/thumb/v6-m/nofp\libcr_c.a(acos.o)
 .comment       0x00000079       0x7a c:/nxp/mcuxpressoide_11.2.0_4120/ide/plugins/com.nxp.mcuxpresso.tools.win32_11.2.0.202001021529/tools/bin/../lib/gcc/arm-none-eabi/9.2.1/../../../../arm-none-eabi/lib/thumb/v6-m/nofp\libcr_c.a(alloc.o)
 .comment       0x00000079       0x7a c:/nxp/mcuxpressoide_11.2.0_4120/ide/plugins/com.nxp.mcuxpresso.tools.win32_11.2.0.202001021529/tools/bin/../lib/gcc/arm-none-eabi/9.2.1/../../../../arm-none-eabi/lib/thumb/v6-m/nofp\libcr_c.a(fabs.o)
 .comment       0x00000079       0x7a c:/nxp/mcuxpressoide_11.2.0_4120/ide/plugins/com.nxp.mcuxpresso.tools.win32_11.2.0.202001021529/tools/bin/../lib/gcc/arm-none-eabi/9.2.1/../../../../arm-none-eabi/lib/thumb/v6-m/nofp\libcr_c.a(fputs.o)
 .comment       0x00000079       0x7a c:/nxp/mcuxpressoide_11.2.0_4120/ide/plugins/com.nxp.mcuxpresso.tools.win32_11.2.0.202001021529/tools/bin/../lib/gcc/arm-none-eabi/9.2.1/../../../../arm-none-eabi/lib/thumb/v6-m/nofp\libcr_c.a(fseek.o)
 .comment       0x00000079       0x7a c:/nxp/mcuxpressoide_11.2.0_4120/ide/plugins/com.nxp.mcuxpresso.tools.win32_11.2.0.202001021529/tools/bin/../lib/gcc/arm-none-eabi/9.2.1/../../../../arm-none-eabi/lib/thumb/v6-m/nofp\libcr_c.a(ftell.o)
 .comment       0x00000079       0x7a c:/nxp/mcuxpressoide_11.2.0_4120/ide/plugins/com.nxp.mcuxpresso.tools.win32_11.2.0.202001021529/tools/bin/../lib/gcc/arm-none-eabi/9.2.1/../../../../arm-none-eabi/lib/thumb/v6-m/nofp\libcr_c.a(initio.o)
 .comment       0x00000079       0x7a c:/nxp/mcuxpressoide_11.2.0_4120/ide/plugins/com.nxp.mcuxpresso.tools.win32_11.2.0.202001021529/tools/bin/../lib/gcc/arm-none-eabi/9.2.1/../../../../arm-none-eabi/lib/thumb/v6-m/nofp\libcr_c.a(printf.o)
 .comment       0x00000079       0x7a c:/nxp/mcuxpressoide_11.2.0_4120/ide/plugins/com.nxp.mcuxpresso.tools.win32_11.2.0.202001021529/tools/bin/../lib/gcc/arm-none-eabi/9.2.1/../../../../arm-none-eabi/lib/thumb/v6-m/nofp\libcr_c.a(scanf.o)
 .comment       0x00000079       0x7a c:/nxp/mcuxpressoide_11.2.0_4120/ide/plugins/com.nxp.mcuxpresso.tools.win32_11.2.0.202001021529/tools/bin/../lib/gcc/arm-none-eabi/9.2.1/../../../../arm-none-eabi/lib/thumb/v6-m/nofp\libcr_c.a(setvbuf.o)
 .comment       0x00000079       0x7a c:/nxp/mcuxpressoide_11.2.0_4120/ide/plugins/com.nxp.mcuxpresso.tools.win32_11.2.0.202001021529/tools/bin/../lib/gcc/arm-none-eabi/9.2.1/../../../../arm-none-eabi/lib/thumb/v6-m/nofp\libcr_c.a(sqrt.o)
 .comment       0x00000079       0x7a c:/nxp/mcuxpressoide_11.2.0_4120/ide/plugins/com.nxp.mcuxpresso.tools.win32_11.2.0.202001021529/tools/bin/../lib/gcc/arm-none-eabi/9.2.1/../../../../arm-none-eabi/lib/thumb/v6-m/nofp\libcr_c.a(strcasecmp.o)
 .comment       0x00000079       0x7a c:/nxp/mcuxpressoide_11.2.0_4120/ide/plugins/com.nxp.mcuxpresso.tools.win32_11.2.0.202001021529/tools/bin/../lib/gcc/arm-none-eabi/9.2.1/../../../../arm-none-eabi/lib/thumb/v6-m/nofp\libcr_c.a(strlen.o)
 .comment       0x00000079       0x7a c:/nxp/mcuxpressoide_11.2.0_4120/ide/plugins/com.nxp.mcuxpresso.tools.win32_11.2.0.202001021529/tools/bin/../lib/gcc/arm-none-eabi/9.2.1/../../../../arm-none-eabi/lib/thumb/v6-m/nofp\libcr_c.a(strncmp.o)
 .comment       0x00000079       0x7a c:/nxp/mcuxpressoide_11.2.0_4120/ide/plugins/com.nxp.mcuxpresso.tools.win32_11.2.0.202001021529/tools/bin/../lib/gcc/arm-none-eabi/9.2.1/../../../../arm-none-eabi/lib/thumb/v6-m/nofp\libcr_c.a(ungetc.o)
 .comment       0x00000079       0x7a c:/nxp/mcuxpressoide_11.2.0_4120/ide/plugins/com.nxp.mcuxpresso.tools.win32_11.2.0.202001021529/tools/bin/../lib/gcc/arm-none-eabi/9.2.1/../../../../arm-none-eabi/lib/thumb/v6-m/nofp\libcr_c.a(__init_alloc.o)
 .comment       0x00000079       0x7a c:/nxp/mcuxpressoide_11.2.0_4120/ide/plugins/com.nxp.mcuxpresso.tools.win32_11.2.0.202001021529/tools/bin/../lib/gcc/arm-none-eabi/9.2.1/../../../../arm-none-eabi/lib/thumb/v6-m/nofp\libcr_c.a(_asinacos.o)
 .comment       0x00000079       0x7a c:/nxp/mcuxpressoide_11.2.0_4120/ide/plugins/com.nxp.mcuxpresso.tools.win32_11.2.0.202001021529/tools/bin/../lib/gcc/arm-none-eabi/9.2.1/../../../../arm-none-eabi/lib/thumb/v6-m/nofp\libcr_c.a(_cr_sbrk.o)
 .comment       0x00000079       0x7a c:/nxp/mcuxpressoide_11.2.0_4120/ide/plugins/com.nxp.mcuxpresso.tools.win32_11.2.0.202001021529/tools/bin/../lib/gcc/arm-none-eabi/9.2.1/../../../../arm-none-eabi/lib/thumb/v6-m/nofp\libcr_c.a(_fdopen.o)
 .comment       0x00000079       0x7a c:/nxp/mcuxpressoide_11.2.0_4120/ide/plugins/com.nxp.mcuxpresso.tools.win32_11.2.0.202001021529/tools/bin/../lib/gcc/arm-none-eabi/9.2.1/../../../../arm-none-eabi/lib/thumb/v6-m/nofp\libcr_c.a(_frexpl.o)
 .comment       0x00000079       0x7a c:/nxp/mcuxpressoide_11.2.0_4120/ide/plugins/com.nxp.mcuxpresso.tools.win32_11.2.0.202001021529/tools/bin/../lib/gcc/arm-none-eabi/9.2.1/../../../../arm-none-eabi/lib/thumb/v6-m/nofp\libcr_c.a(_ldexpl.o)
 .comment       0x00000079       0x7a c:/nxp/mcuxpressoide_11.2.0_4120/ide/plugins/com.nxp.mcuxpresso.tools.win32_11.2.0.202001021529/tools/bin/../lib/gcc/arm-none-eabi/9.2.1/../../../../arm-none-eabi/lib/thumb/v6-m/nofp\libcr_c.a(ctype.o)
 .comment       0x00000079       0x7a c:/nxp/mcuxpressoide_11.2.0_4120/ide/plugins/com.nxp.mcuxpresso.tools.win32_11.2.0.202001021529/tools/bin/../lib/gcc/arm-none-eabi/9.2.1/../../../../arm-none-eabi/lib/thumb/v6-m/nofp\libcr_c.a(errno.o)
 .comment       0x00000079       0x7a c:/nxp/mcuxpressoide_11.2.0_4120/ide/plugins/com.nxp.mcuxpresso.tools.win32_11.2.0.202001021529/tools/bin/../lib/gcc/arm-none-eabi/9.2.1/../../../../arm-none-eabi/lib/thumb/v6-m/nofp\libcr_c.a(fclose.o)
 .comment       0x00000079       0x7a c:/nxp/mcuxpressoide_11.2.0_4120/ide/plugins/com.nxp.mcuxpresso.tools.win32_11.2.0.202001021529/tools/bin/../lib/gcc/arm-none-eabi/9.2.1/../../../../arm-none-eabi/lib/thumb/v6-m/nofp\libcr_c.a(fflush.o)
 .comment       0x00000079       0x7a c:/nxp/mcuxpressoide_11.2.0_4120/ide/plugins/com.nxp.mcuxpresso.tools.win32_11.2.0.202001021529/tools/bin/../lib/gcc/arm-none-eabi/9.2.1/../../../../arm-none-eabi/lib/thumb/v6-m/nofp\libcr_c.a(remove.o)
 .comment       0x00000079       0x7a c:/nxp/mcuxpressoide_11.2.0_4120/ide/plugins/com.nxp.mcuxpresso.tools.win32_11.2.0.202001021529/tools/bin/../lib/gcc/arm-none-eabi/9.2.1/../../../../arm-none-eabi/lib/thumb/v6-m/nofp\libcr_c.a(_cr_check_heap.o)
 .comment       0x00000079       0x7a c:/nxp/mcuxpressoide_11.2.0_4120/ide/plugins/com.nxp.mcuxpresso.tools.win32_11.2.0.202001021529/tools/bin/../lib/gcc/arm-none-eabi/9.2.1/../../../../arm-none-eabi/lib/thumb/v6-m/nofp\libcr_c.a(_do_fflush.o)
 .comment       0x00000079       0x7a c:/nxp/mcuxpressoide_11.2.0_4120/ide/plugins/com.nxp.mcuxpresso.tools.win32_11.2.0.202001021529/tools/bin/../lib/gcc/arm-none-eabi/9.2.1/thumb/v6-m/nofp\libcr_eabihelpers.a(double.o)
 .comment       0x00000079       0x7a c:/nxp/mcuxpressoide_11.2.0_4120/ide/plugins/com.nxp.mcuxpresso.tools.win32_11.2.0.202001021529/tools/bin/../lib/gcc/arm-none-eabi/9.2.1/thumb/v6-m/nofp\libcr_eabihelpers.a(float.o)

.ARM.attributes
                0x00000000       0x2a
 .ARM.attributes
                0x00000000       0x2c ./utilities/fsl_debug_console.o
 .ARM.attributes
                0x0000002c       0x2c ./startup/startup_mkl25z4.o
 .ARM.attributes
                0x00000058       0x2c ./source/accelerometer.o
 .ARM.attributes
                0x00000084       0x2c ./source/cbfifo.o
 .ARM.attributes
                0x000000b0       0x2c ./source/command_process.o
 .ARM.attributes
                0x000000dc       0x2c ./source/i2c.o
 .ARM.attributes
                0x00000108       0x2c ./source/led.o
 .ARM.attributes
                0x00000134       0x2c ./source/line_accumulate.o
 .ARM.attributes
                0x00000160       0x2c ./source/main.o
 .ARM.attributes
                0x0000018c       0x32 ./source/mtb.o
 .ARM.attributes
                0x000001be       0x2c ./source/semihost_hardfault.o
 .ARM.attributes
                0x000001ea       0x2c ./source/sysclock.o
 .ARM.attributes
                0x00000216       0x2c ./source/systick.o
 .ARM.attributes
                0x00000242       0x2c ./source/test_modules.o
 .ARM.attributes
                0x0000026e       0x2c ./source/touch.o
 .ARM.attributes
                0x0000029a       0x2c ./source/uart.o
 .ARM.attributes
                0x000002c6       0x2c ./drivers/fsl_clock.o
 .ARM.attributes
                0x000002f2       0x2c ./drivers/fsl_lpsci.o
 .ARM.attributes
                0x0000031e       0x2c ./drivers/fsl_uart.o
 .ARM.attributes
                0x0000034a       0x2c ./board/board.o
 .ARM.attributes
                0x00000376       0x2c ./board/clock_config.o
 .ARM.attributes
                0x000003a2       0x2c ./board/peripherals.o
 .ARM.attributes
                0x000003ce       0x2c ./board/pin_mux.o
 .ARM.attributes
                0x000003fa       0x2c ./CMSIS/system_MKL25Z4.o
 .ARM.attributes
                0x00000426       0x31 c:/nxp/mcuxpressoide_11.2.0_4120/ide/plugins/com.nxp.mcuxpresso.tools.win32_11.2.0.202001021529/tools/bin/../lib/gcc/arm-none-eabi/9.2.1/../../../../arm-none-eabi/lib/thumb/v6-m/nofp\libcr_semihost_nf.a(__ciob.o)
 .ARM.attributes
                0x00000457       0x2c c:/nxp/mcuxpressoide_11.2.0_4120/ide/plugins/com.nxp.mcuxpresso.tools.win32_11.2.0.202001021529/tools/bin/../lib/gcc/arm-none-eabi/9.2.1/../../../../arm-none-eabi/lib/thumb/v6-m/nofp\libcr_semihost_nf.a(_cr__main.o)
 .ARM.attributes
                0x00000483       0x2c c:/nxp/mcuxpressoide_11.2.0_4120/ide/plugins/com.nxp.mcuxpresso.tools.win32_11.2.0.202001021529/tools/bin/../lib/gcc/arm-none-eabi/9.2.1/../../../../arm-none-eabi/lib/thumb/v6-m/nofp\libcr_semihost_nf.a(_cr_assert.o)
 .ARM.attributes
                0x000004af       0x1c c:/nxp/mcuxpressoide_11.2.0_4120/ide/plugins/com.nxp.mcuxpresso.tools.win32_11.2.0.202001021529/tools/bin/../lib/gcc/arm-none-eabi/9.2.1/../../../../arm-none-eabi/lib/thumb/v6-m/nofp\libcr_semihost_nf.a(__sys_appexit.o)
 .ARM.attributes
                0x000004cb       0x2c c:/nxp/mcuxpressoide_11.2.0_4120/ide/plugins/com.nxp.mcuxpresso.tools.win32_11.2.0.202001021529/tools/bin/../lib/gcc/arm-none-eabi/9.2.1/../../../../arm-none-eabi/lib/thumb/v6-m/nofp\libcr_c.a(memset.o)
 .ARM.attributes
                0x000004f7       0x2c c:/nxp/mcuxpressoide_11.2.0_4120/ide/plugins/com.nxp.mcuxpresso.tools.win32_11.2.0.202001021529/tools/bin/../lib/gcc/arm-none-eabi/9.2.1/../../../../arm-none-eabi/lib/thumb/v6-m/nofp\libcr_c.a(__fillbuf.o)
 .ARM.attributes
                0x00000523       0x2c c:/nxp/mcuxpressoide_11.2.0_4120/ide/plugins/com.nxp.mcuxpresso.tools.win32_11.2.0.202001021529/tools/bin/../lib/gcc/arm-none-eabi/9.2.1/../../../../arm-none-eabi/lib/thumb/v6-m/nofp\libcr_c.a(_deferredlazyseek.o)
 .ARM.attributes
                0x0000054f       0x2c c:/nxp/mcuxpressoide_11.2.0_4120/ide/plugins/com.nxp.mcuxpresso.tools.win32_11.2.0.202001021529/tools/bin/../lib/gcc/arm-none-eabi/9.2.1/../../../../arm-none-eabi/lib/thumb/v6-m/nofp\libcr_c.a(_fflush.o)
 .ARM.attributes
                0x0000057b       0x2c c:/nxp/mcuxpressoide_11.2.0_4120/ide/plugins/com.nxp.mcuxpresso.tools.win32_11.2.0.202001021529/tools/bin/../lib/gcc/arm-none-eabi/9.2.1/../../../../arm-none-eabi/lib/thumb/v6-m/nofp\libcr_c.a(_writebuf.o)
 .ARM.attributes
                0x000005a7       0x2c c:/nxp/mcuxpressoide_11.2.0_4120/ide/plugins/com.nxp.mcuxpresso.tools.win32_11.2.0.202001021529/tools/bin/../lib/gcc/arm-none-eabi/9.2.1/../../../../arm-none-eabi/lib/thumb/v6-m/nofp\libcr_c.a(acos.o)
 .ARM.attributes
                0x000005d3       0x2c c:/nxp/mcuxpressoide_11.2.0_4120/ide/plugins/com.nxp.mcuxpresso.tools.win32_11.2.0.202001021529/tools/bin/../lib/gcc/arm-none-eabi/9.2.1/../../../../arm-none-eabi/lib/thumb/v6-m/nofp\libcr_c.a(alloc.o)
 .ARM.attributes
                0x000005ff       0x2c c:/nxp/mcuxpressoide_11.2.0_4120/ide/plugins/com.nxp.mcuxpresso.tools.win32_11.2.0.202001021529/tools/bin/../lib/gcc/arm-none-eabi/9.2.1/../../../../arm-none-eabi/lib/thumb/v6-m/nofp\libcr_c.a(fabs.o)
 .ARM.attributes
                0x0000062b       0x2c c:/nxp/mcuxpressoide_11.2.0_4120/ide/plugins/com.nxp.mcuxpresso.tools.win32_11.2.0.202001021529/tools/bin/../lib/gcc/arm-none-eabi/9.2.1/../../../../arm-none-eabi/lib/thumb/v6-m/nofp\libcr_c.a(fputs.o)
 .ARM.attributes
                0x00000657       0x2c c:/nxp/mcuxpressoide_11.2.0_4120/ide/plugins/com.nxp.mcuxpresso.tools.win32_11.2.0.202001021529/tools/bin/../lib/gcc/arm-none-eabi/9.2.1/../../../../arm-none-eabi/lib/thumb/v6-m/nofp\libcr_c.a(fseek.o)
 .ARM.attributes
                0x00000683       0x2c c:/nxp/mcuxpressoide_11.2.0_4120/ide/plugins/com.nxp.mcuxpresso.tools.win32_11.2.0.202001021529/tools/bin/../lib/gcc/arm-none-eabi/9.2.1/../../../../arm-none-eabi/lib/thumb/v6-m/nofp\libcr_c.a(ftell.o)
 .ARM.attributes
                0x000006af       0x2c c:/nxp/mcuxpressoide_11.2.0_4120/ide/plugins/com.nxp.mcuxpresso.tools.win32_11.2.0.202001021529/tools/bin/../lib/gcc/arm-none-eabi/9.2.1/../../../../arm-none-eabi/lib/thumb/v6-m/nofp\libcr_c.a(initio.o)
 .ARM.attributes
                0x000006db       0x2c c:/nxp/mcuxpressoide_11.2.0_4120/ide/plugins/com.nxp.mcuxpresso.tools.win32_11.2.0.202001021529/tools/bin/../lib/gcc/arm-none-eabi/9.2.1/../../../../arm-none-eabi/lib/thumb/v6-m/nofp\libcr_c.a(printf.o)
 .ARM.attributes
                0x00000707       0x2c c:/nxp/mcuxpressoide_11.2.0_4120/ide/plugins/com.nxp.mcuxpresso.tools.win32_11.2.0.202001021529/tools/bin/../lib/gcc/arm-none-eabi/9.2.1/../../../../arm-none-eabi/lib/thumb/v6-m/nofp\libcr_c.a(scanf.o)
 .ARM.attributes
                0x00000733       0x2c c:/nxp/mcuxpressoide_11.2.0_4120/ide/plugins/com.nxp.mcuxpresso.tools.win32_11.2.0.202001021529/tools/bin/../lib/gcc/arm-none-eabi/9.2.1/../../../../arm-none-eabi/lib/thumb/v6-m/nofp\libcr_c.a(setvbuf.o)
 .ARM.attributes
                0x0000075f       0x2c c:/nxp/mcuxpressoide_11.2.0_4120/ide/plugins/com.nxp.mcuxpresso.tools.win32_11.2.0.202001021529/tools/bin/../lib/gcc/arm-none-eabi/9.2.1/../../../../arm-none-eabi/lib/thumb/v6-m/nofp\libcr_c.a(sqrt.o)
 .ARM.attributes
                0x0000078b       0x2c c:/nxp/mcuxpressoide_11.2.0_4120/ide/plugins/com.nxp.mcuxpresso.tools.win32_11.2.0.202001021529/tools/bin/../lib/gcc/arm-none-eabi/9.2.1/../../../../arm-none-eabi/lib/thumb/v6-m/nofp\libcr_c.a(strcasecmp.o)
 .ARM.attributes
                0x000007b7       0x2c c:/nxp/mcuxpressoide_11.2.0_4120/ide/plugins/com.nxp.mcuxpresso.tools.win32_11.2.0.202001021529/tools/bin/../lib/gcc/arm-none-eabi/9.2.1/../../../../arm-none-eabi/lib/thumb/v6-m/nofp\libcr_c.a(strlen.o)
 .ARM.attributes